Component: ARM Compiler 5.06 update 7 (build 960) Tool: armlink [4d3601]

==============================================================================

Section Cross References

    startup_stm32f10x_md.o(STACK) refers (Special) to heapauxi.o(.text) for __use_two_region_memory
    startup_stm32f10x_md.o(HEAP) refers (Special) to heapauxi.o(.text) for __use_two_region_memory
    startup_stm32f10x_md.o(RESET) refers (Special) to heapauxi.o(.text) for __use_two_region_memory
    startup_stm32f10x_md.o(RESET) refers to startup_stm32f10x_md.o(STACK) for __initial_sp
    startup_stm32f10x_md.o(RESET) refers to startup_stm32f10x_md.o(.text) for Reset_Handler
    startup_stm32f10x_md.o(RESET) refers to stm32f10x_it.o(i.NMI_Handler) for NMI_Handler
    startup_stm32f10x_md.o(RESET) refers to stm32f10x_it.o(i.HardFault_Handler) for HardFault_Handler
    startup_stm32f10x_md.o(RESET) refers to stm32f10x_it.o(i.MemManage_Handler) for MemManage_Handler
    startup_stm32f10x_md.o(RESET) refers to stm32f10x_it.o(i.BusFault_Handler) for BusFault_Handler
    startup_stm32f10x_md.o(RESET) refers to stm32f10x_it.o(i.UsageFault_Handler) for UsageFault_Handler
    startup_stm32f10x_md.o(RESET) refers to stm32f10x_it.o(i.SVC_Handler) for SVC_Handler
    startup_stm32f10x_md.o(RESET) refers to stm32f10x_it.o(i.DebugMon_Handler) for DebugMon_Handler
    startup_stm32f10x_md.o(RESET) refers to stm32f10x_it.o(i.PendSV_Handler) for PendSV_Handler
    startup_stm32f10x_md.o(RESET) refers to stm32f10x_it.o(i.SysTick_Handler) for SysTick_Handler
    startup_stm32f10x_md.o(RESET) refers to timer.o(i.TIM2_IRQHandler) for TIM2_IRQHandler
    startup_stm32f10x_md.o(RESET) refers to usart1.o(i.USART1_IRQHandler) for USART1_IRQHandler
    startup_stm32f10x_md.o(.text) refers (Special) to heapauxi.o(.text) for __use_two_region_memory
    startup_stm32f10x_md.o(.text) refers to system_stm32f10x.o(i.SystemInit) for SystemInit
    startup_stm32f10x_md.o(.text) refers to __main.o(!!!main) for __main
    startup_stm32f10x_md.o(.text) refers to startup_stm32f10x_md.o(HEAP) for Heap_Mem
    startup_stm32f10x_md.o(.text) refers to startup_stm32f10x_md.o(STACK) for Stack_Mem
    stm32f10x_flash.o(i.FLASH_EnableWriteProtection) refers to stm32f10x_flash.o(i.FLASH_WaitForLastOperation) for FLASH_WaitForLastOperation
    stm32f10x_flash.o(i.FLASH_EraseAllBank1Pages) refers to stm32f10x_flash.o(i.FLASH_WaitForLastBank1Operation) for FLASH_WaitForLastBank1Operation
    stm32f10x_flash.o(i.FLASH_EraseAllPages) refers to stm32f10x_flash.o(i.FLASH_WaitForLastOperation) for FLASH_WaitForLastOperation
    stm32f10x_flash.o(i.FLASH_EraseOptionBytes) refers to stm32f10x_flash.o(i.FLASH_GetReadOutProtectionStatus) for FLASH_GetReadOutProtectionStatus
    stm32f10x_flash.o(i.FLASH_EraseOptionBytes) refers to stm32f10x_flash.o(i.FLASH_WaitForLastOperation) for FLASH_WaitForLastOperation
    stm32f10x_flash.o(i.FLASH_ErasePage) refers to stm32f10x_flash.o(i.FLASH_WaitForLastOperation) for FLASH_WaitForLastOperation
    stm32f10x_flash.o(i.FLASH_ProgramHalfWord) refers to stm32f10x_flash.o(i.FLASH_WaitForLastOperation) for FLASH_WaitForLastOperation
    stm32f10x_flash.o(i.FLASH_ProgramOptionByteData) refers to stm32f10x_flash.o(i.FLASH_WaitForLastOperation) for FLASH_WaitForLastOperation
    stm32f10x_flash.o(i.FLASH_ProgramWord) refers to stm32f10x_flash.o(i.FLASH_WaitForLastOperation) for FLASH_WaitForLastOperation
    stm32f10x_flash.o(i.FLASH_ReadOutProtection) refers to stm32f10x_flash.o(i.FLASH_WaitForLastOperation) for FLASH_WaitForLastOperation
    stm32f10x_flash.o(i.FLASH_UserOptionByteConfig) refers to stm32f10x_flash.o(i.FLASH_WaitForLastOperation) for FLASH_WaitForLastOperation
    stm32f10x_flash.o(i.FLASH_WaitForLastBank1Operation) refers to stm32f10x_flash.o(i.FLASH_GetBank1Status) for FLASH_GetBank1Status
    stm32f10x_flash.o(i.FLASH_WaitForLastOperation) refers to stm32f10x_flash.o(i.FLASH_GetBank1Status) for FLASH_GetBank1Status
    stm32f10x_gpio.o(i.GPIO_AFIODeInit) refers to stm32f10x_rcc.o(i.RCC_APB2PeriphResetCmd) for RCC_APB2PeriphResetCmd
    stm32f10x_gpio.o(i.GPIO_DeInit) refers to stm32f10x_rcc.o(i.RCC_APB2PeriphResetCmd) for RCC_APB2PeriphResetCmd
    stm32f10x_rcc.o(i.RCC_GetClocksFreq) refers to stm32f10x_rcc.o(.data) for APBAHBPrescTable
    stm32f10x_rcc.o(i.RCC_WaitForHSEStartUp) refers to stm32f10x_rcc.o(i.RCC_GetFlagStatus) for RCC_GetFlagStatus
    stm32f10x_rtc.o(i.RTC_SetAlarm) refers to stm32f10x_rtc.o(i.RTC_EnterConfigMode) for RTC_EnterConfigMode
    stm32f10x_rtc.o(i.RTC_SetAlarm) refers to stm32f10x_rtc.o(i.RTC_ExitConfigMode) for RTC_ExitConfigMode
    stm32f10x_rtc.o(i.RTC_SetCounter) refers to stm32f10x_rtc.o(i.RTC_EnterConfigMode) for RTC_EnterConfigMode
    stm32f10x_rtc.o(i.RTC_SetCounter) refers to stm32f10x_rtc.o(i.RTC_ExitConfigMode) for RTC_ExitConfigMode
    stm32f10x_rtc.o(i.RTC_SetPrescaler) refers to stm32f10x_rtc.o(i.RTC_EnterConfigMode) for RTC_EnterConfigMode
[...]
    ../clib/printf_percent.s                 0x00000000   Number         0  _printf_d.o ABSOLUTE
    ../clib/printf_percent.s                 0x00000000   Number         0  _printf_s.o ABSOLUTE
    ../clib/printf_percent.s                 0x00000000   Number         0  _printf_x.o ABSOLUTE
    ../clib/signal.c                         0x00000000   Number         0  defsig_other.o ABSOLUTE
    ../clib/signal.c                         0x00000000   Number         0  defsig_rtmem_formal.o ABSOLUTE
    ../clib/signal.c                         0x00000000   Number         0  defsig_exit.o ABSOLUTE
    ../clib/signal.c                         0x00000000   Number         0  defsig_rtmem_inner.o ABSOLUTE
    ../clib/signal.c                         0x00000000   Number         0  __raise.o ABSOLUTE
    ../clib/signal.c                         0x00000000   Number         0  defsig_fpe_inner.o ABSOLUTE
    ../clib/signal.c                         0x00000000   Number         0  defsig_general.o ABSOLUTE
    ../clib/signal.c                         0x00000000   Number         0  defsig_abrt_inner.o ABSOLUTE
    ../clib/signal.c                         0x00000000   Number         0  defsig_rtmem_outer.o ABSOLUTE
    ../clib/signal.c                         0x00000000   Number         0  defsig_rtred_inner.o ABSOLUTE
    ../clib/signal.c                         0x00000000   Number         0  defsig_stak_inner.o ABSOLUTE
    ../clib/signal.c                         0x00000000   Number         0  defsig_pvfn_inner.o ABSOLUTE
    ../clib/signal.c                         0x00000000   Number         0  defsig_cppl_inner.o ABSOLUTE
    ../clib/signal.c                         0x00000000   Number         0  defsig_segv_inner.o ABSOLUTE
    ../clib/signal.s                         0x00000000   Number         0  defsig.o ABSOLUTE
    ../clib/stdlib.c                         0x00000000   Number         0  exit.o ABSOLUTE
    ../clib/string.c                         0x00000000   Number         0  strstr.o ABSOLUTE
    ../fplib/fpinit.s                        0x00000000   Number         0  fpinit.o ABSOLUTE
    ..\CMSIS\core_cm3.c                      0x00000000   Number         0  core_cm3.o ABSOLUTE
    ..\CMSIS\startup_stm32f10x_md.s          0x00000000   Number         0  startup_stm32f10x_md.o ABSOLUTE
    ..\Driver\Key.c                          0x00000000   Number         0  key.o ABSOLUTE
    ..\Driver\Lcd.c                          0x00000000   Number         0  lcd.o ABSOLUTE
    ..\Driver\MyFlash.c                      0x00000000   Number         0  myflash.o ABSOLUTE
    ..\Driver\Timer.c                        0x00000000   Number         0  timer.o ABSOLUTE
    ..\Driver\as608.c                        0x00000000   Number         0  as608.o ABSOLUTE
    ..\Driver\rc522_config.c                 0x00000000   Number         0  rc522_config.o ABSOLUTE
    ..\Driver\rc522_function.c               0x00000000   Number         0  rc522_function.o ABSOLUTE
    ..\Libraries\src\misc.c                  0x00000000   Number         0  misc.o ABSOLUTE
    ..\Libraries\src\stm32f10x_adc.c         0x00000000   Number         0  stm32f10x_adc.o ABSOLUTE
    ..\Libraries\src\stm32f10x_exti.c        0x00000000   Number         0  stm32f10x_exti.o ABSOLUTE
    ..\Libraries\src\stm32f10x_flash.c       0x00000000   Number         0  stm32f10x_flash.o ABSOLUTE
    ..\Libraries\src\stm32f10x_gpio.c        0x00000000   Number         0  stm32f10x_gpio.o ABSOLUTE
    ..\Libraries\src\stm32f10x_rcc.c         0x00000000   Number         0  stm32f10x_rcc.o ABSOLUTE
    ..\Libraries\src\stm32f10x_rtc.c         0x00000000   Number         0  stm32f10x_rtc.o ABSOLUTE
    ..\Libraries\src\stm32f10x_tim.c         0x00000000   Number         0  stm32f10x_tim.o ABSOLUTE
    ..\Libraries\src\stm32f10x_usart.c       0x00000000   Number         0  stm32f10x_usart.o ABSOLUTE
    ..\System\delay\delay.c                  0x00000000   Number         0  delay.o ABSOLUTE
    ..\System\sys\sys.c                      0x00000000   Number         0  sys.o ABSOLUTE
    ..\System\usart\usart1.c                 0x00000000   Number         0  usart1.o ABSOLUTE
    ..\\CMSIS\\core_cm3.c                    0x00000000   Number         0  core_cm3.o ABSOLUTE
    dc.s                                     0x00000000   Number         0  dc.o ABSOLUTE
    main.c                                   0x00000000   Number         0  main.o ABSOLUTE
    stm32f10x_it.c                           0x00000000   Number         0  stm32f10x_it.o ABSOLUTE
    system_stm32f10x.c                       0x00000000   Number         0  system_stm32f10x.o ABSOLUTE
    RESET                                    0x08000000   Section      236  startup_stm32f10x_md.o(RESET)
    !!!main                                  0x080000ec   Section        8  __main.o(!!!main)
    !!!scatter                               0x080000f4   Section       52  __scatter.o(!!!scatter)
    !!handler_copy                           0x08000128   Section       26  __scatter_copy.o(!!handler_copy)
    !!handler_zi                             0x08000144   Section       28  __scatter_zi.o(!!handler_zi)
    .ARM.Collect$$_printf_percent$$00000000  0x08000160   Section        0  _printf_percent.o(.ARM.Collect$$_printf_percent$$00000000)
    .ARM.Collect$$_printf_percent$$00000009  0x08000160   Section        6  _printf_d.o(.ARM.Collect$$_printf_percent$$00000009)
    .ARM.Collect$$_printf_percent$$0000000C  0x08000166   Section        6  _printf_x.o(.ARM.Collect$$_printf_percent$$0000000C)
    .ARM.Collect$$_printf_percent$$00000014  0x0800016c   Section        6  _printf_s.o(.ARM.Collect$$_printf_percent$$00000014)
    .ARM.Collect$$_printf_percent$$00000017  0x08000172   Section        4  _printf_percent_end.o(.ARM.Collect$$_printf_percent$$00000017)
    .ARM.Collect$$libinit$$00000000          0x08000176   Section        2  libinit.o(.ARM.Collect$$libinit$$00000000)
    .ARM.Collect$$libinit$$00000002          0x08000178   Section        0  libinit2.o(.ARM.Collect$$libinit$$00000002)
    .ARM.Collect$$libinit$$00000004          0x08000178   Section        0  libinit2.o(.ARM.Collect$$libinit$$00000004)
    .ARM.Collect$$libinit$$0000000A          0x08000178   Section        0  libinit2.o(.ARM.Collect$$libinit$$0000000A)
    .ARM.Collect$$libinit$$0000000C          0x08000178   Section        0  libinit2.o(.ARM.Collect$$libinit$$0000000C)
    .ARM.Collect$$libinit$$0000000E          0x08000178   Section        0  libinit2.o(.ARM.Collect$$libinit$$0000000E)
    .ARM.Collect$$libinit$$00000011          0x08000178   Section        0  libinit2.o(.ARM.Collect$$libinit$$00000011)
    .ARM.Collect$$libinit$$00000013          0x08000178   Section        0  libinit2.o(.ARM.Collect$$libinit$$00000013)
    .ARM.Collect$$libinit$$00000015          0x08000178   Section        0  libinit2.o(.ARM.Collect$$libinit$$00000015)
    .ARM.Collect$$libinit$$00000017          0x08000178   Section        0  libinit2.o(.ARM.Collect$$libinit$$00000017)
    .ARM.Collect$$libinit$$00000019          0x08000178   Section        0  libinit2.o(.ARM.Collect$$libinit$$00000019)
    .ARM.Collect$$libinit$$0000001B          0x08000178   Section        0  libinit2.o(.ARM.Collect$$libinit$$0000001B)
    .ARM.Collect$$libinit$$0000001D          0x08000178   Section        0  libinit2.o(.ARM.Collect$$libinit$$0000001D)
    .ARM.Collect$$libinit$$0000001F          0x08000178   Section        0  libinit2.o(.ARM.Collect$$libinit$$0000001F)
    .ARM.Collect$$libinit$$00000021          0x08000178   Section        0  libinit2.o(.ARM.Collect$$libinit$$00000021)
    .ARM.Collect$$libinit$$00000023          0x08000178   Section        0  libinit2.o(.ARM.Collect$$libinit$$00000023)
    .ARM.Collect$$libinit$$00000025          0x08000178   Section        0  libinit2.o(.ARM.Collect$$libinit$$00000025)
    .ARM.Collect$$libinit$$0000002C          0x08000178   Section        0  libinit2.o(.ARM.Collect$$libinit$$0000002C)
    .ARM.Collect$$libinit$$0000002E          0x08000178   Section        0  libinit2.o(.ARM.Collect$$libinit$$0000002E)
    .ARM.Collect$$libinit$$00000030          0x08000178   Section        0  libinit2.o(.ARM.Collect$$libinit$$00000030)
    .ARM.Collect$$libinit$$00000032          0x08000178   Section        0  libinit2.o(.ARM.Collect$$libinit$$00000032)
    .ARM.Collect$$libinit$$00000033          0x08000178   Section        2  libinit2.o(.ARM.Collect$$libinit$$00000033)
    .ARM.Collect$$libshutdown$$00000000      0x0800017a   Section        2  libshutdown.o(.ARM.Collect$$libshutdown$$00000000)
    .ARM.Collect$$libshutdown$$00000002      0x0800017c   Section        0  libshutdown2.o(.ARM.Collect$$libshutdown$$00000002)
    .ARM.Collect$$libshutdown$$00000004      0x0800017c   Section        0  libshutdown2.o(.ARM.Collect$$libshutdown$$00000004)
    .ARM.Collect$$libshutdown$$00000006      0x0800017c   Section        0  libshutdown2.o(.ARM.Collect$$libshutdown$$00000006)
    .ARM.Collect$$libshutdown$$00000009      0x0800017c   Section        0  libshutdown2.o(.ARM.Collect$$libshutdown$$00000009)
    .ARM.Collect$$libshutdown$$0000000C      0x0800017c   Section        0  libshutdown2.o(.ARM.Collect$$libshutdown$$0000000C)
    .ARM.Collect$$libshutdown$$0000000E      0x0800017c   Section        0  libshutdown2.o(.ARM.Collect$$libshutdown$$0000000E)
    .ARM.Collect$$libshutdown$$00000011      0x0800017c   Section        0  libshutdown2.o(.ARM.Collect$$libshutdown$$00000011)
    .ARM.Collect$$libshutdown$$00000012      0x0800017c   Section        2  libshutdown2.o(.ARM.Collect$$libshutdown$$00000012)
    .ARM.Collect$$rtentry$$00000000          0x0800017e   Section        0  __rtentry.o(.ARM.Collect$$rtentry$$00000000)
    .ARM.Collect$$rtentry$$00000002          0x0800017e   Section        0  __rtentry2.o(.ARM.Collect$$rtentry$$00000002)
    .ARM.Collect$$rtentry$$00000004          0x0800017e   Section        6  __rtentry4.o(.ARM.Collect$$rtentry$$00000004)
    .ARM.Collect$$rtentry$$00000009          0x08000184   Section        0  __rtentry2.o(.ARM.Collect$$rtentry$$00000009)
    .ARM.Collect$$rtentry$$0000000A          0x08000184   Section        4  __rtentry2.o(.ARM.Collect$$rtentry$$0000000A)
    .ARM.Collect$$rtentry$$0000000C          0x08000188   Section        0  __rtentry2.o(.ARM.Collect$$rtentry$$0000000C)
    .ARM.Collect$$rtentry$$0000000D          0x08000188   Section        8  __rtentry2.o(.ARM.Collect$$rtentry$$0000000D)
    .ARM.Collect$$rtexit$$00000000           0x08000190   Section        2  rtexit.o(.ARM.Collect$$rtexit$$00000000)
    .ARM.Collect$$rtexit$$00000002           0x08000192   Section        0  rtexit2.o(.ARM.Collect$$rtexit$$00000002)
    .ARM.Collect$$rtexit$$00000003           0x08000192   Section        4  rtexit2.o(.ARM.Collect$$rtexit$$00000003)
    .ARM.Collect$$rtexit$$00000004           0x08000196   Section        6  rtexit2.o(.ARM.Collect$$rtexit$$00000004)
    .text                                    0x0800019c   Section       64  startup_stm32f10x_md.o(.text)
    .text                                    0x080001dc   Section        2  use_no_semi_2.o(.text)
    .text                                    0x080001e0   Section        0  noretval__2sprintf.o(.text)
    .text                                    0x08000208   Section        0  _printf_pad.o(.text)
    .text                                    0x08000256   Section        0  _printf_str.o(.text)
    .text                                    0x080002a8   Section        0  _printf_dec.o(.text)
    .text                                    0x08000320   Section        0  _printf_hex_int.o(.text)
    .text                                    0x08000378   Section        0  __printf_flags_wp.o(.text)
    .text                                    0x080004b0   Section        0  strstr.o(.text)
    .text                                    0x080004d4   Section       16  aeabi_memset.o(.text)
    .text                                    0x080004e4   Section       68  rt_memclr.o(.text)
    .text                                    0x08000528   Section        0  heapauxi.o(.text)
    .text                                    0x0800052e   Section        2  use_no_semi.o(.text)
    .text                                    0x08000530   Section        0  _printf_intcommon.o(.text)
    .text                                    0x080005e4   Section        0  _printf_char_common.o(.text)
    _printf_input_char                       0x080005e5   Thumb Code    10  _printf_char_common.o(.text)
    .text                                    0x08000614   Section        0  _sputc.o(.text)
    .text                                    0x0800061e   Section        0  _printf_char.o(.text)
    .text                                    0x0800064a   Section       78  rt_memclr_w.o(.text)
    .text                                    0x08000698   Section       74  sys_stackheap_outer.o(.text)
    .text                                    0x080006e2   Section        0  exit.o(.text)
    .text                                    0x080006f4   Section        8  libspace.o(.text)
    i.ADD_ID_MODE                            0x080006fc   Section        0  main.o(i.ADD_ID_MODE)
    i.AS608_Add_Fingerprint                  0x08000814   Section        0  as608.o(i.AS608_Add_Fingerprint)
    i.AS608_Cmd_Get_Img                      0x08000844   Section        0  as608.o(i.AS608_Cmd_Get_Img)
    i.AS608_Cmd_Send_Pack_Head               0x0800086c   Section        0  as608.o(i.AS608_Cmd_Send_Pack_Head)
    i.AS608_Find_Fingerprint                 0x0800087c   Section        0  as608.o(i.AS608_Find_Fingerprint)
    i.AS608_Receive_Data                     0x0800089c   Section        0  as608.o(i.AS608_Receive_Data)
    i.BeepAndRelay_Init                      0x080008b8   Section        0  key.o(i.BeepAndRelay_Init)
    i.BusFault_Handler                       0x08000918   Section        0  stm32f10x_it.o(i.BusFault_Handler)
    i.BuzzerRingsNum                         0x0800091c   Section        0  main.o(i.BuzzerRingsNum)
    i.CHECK_NEW_MCU                          0x08000958   Section        0  main.o(i.CHECK_NEW_MCU)
    i.COMPER_ID_MODE                         0x080009d0   Section        0  main.o(i.COMPER_ID_MODE)
    i.CalulateCRC                            0x08000b70   Section        0  rc522_function.o(i.CalulateCRC)
    i.Cancel                                 0x08000bdc   Section        0  main.o(i.Cancel)
    i.ClearBitMask                           0x08000c70   Section        0  rc522_function.o(i.ClearBitMask)
    i.DEL_ID_MODE                            0x08000c8c   Section        0  main.o(i.DEL_ID_MODE)
    i.Dao_xu                                 0x08000db0   Section        0  lcd.o(i.Dao_xu)
    i.DataInit                               0x08000dd8   Section        0  main.o(i.DataInit)
    i.DebugMon_Handler                       0x08000dfc   Section        0  stm32f10x_it.o(i.DebugMon_Handler)
    i.Display_user_id                        0x08000e00   Section        0  main.o(i.Display_user_id)
    i.Ensure                                 0x08000e7c   Section        0  main.o(i.Ensure)
    i.FINGERPRINT_Cmd_Delete_All_Model       0x080011b0   Section        0  as608.o(i.FINGERPRINT_Cmd_Delete_All_Model)
    i.FINGERPRINT_Cmd_Img_To_Buffer1         0x080011d8   Section        0  as608.o(i.FINGERPRINT_Cmd_Img_To_Buffer1)
    i.FINGERPRINT_Cmd_Img_To_Buffer2         0x08001200   Section        0  as608.o(i.FINGERPRINT_Cmd_Img_To_Buffer2)
    i.FINGERPRINT_Cmd_Reg_Model              0x08001228   Section        0  as608.o(i.FINGERPRINT_Cmd_Reg_Model)
    i.FINGERPRINT_Cmd_Save_Finger            0x08001250   Section        0  as608.o(i.FINGERPRINT_Cmd_Save_Finger)
    i.FINGERPRINT_Cmd_Search_Finger          0x080012a0   Section        0  as608.o(i.FINGERPRINT_Cmd_Search_Finger)
    i.FLASH_ErasePage                        0x080012d8   Section        0  stm32f10x_flash.o(i.FLASH_ErasePage)
    i.FLASH_GetBank1Status                   0x08001324   Section        0  stm32f10x_flash.o(i.FLASH_GetBank1Status)
    i.FLASH_Lock                             0x08001358   Section        0  stm32f10x_flash.o(i.FLASH_Lock)
    i.FLASH_ProgramHalfWord                  0x0800136c   Section        0  stm32f10x_flash.o(i.FLASH_ProgramHalfWord)
    i.FLASH_Unlock                           0x080013ac   Section        0  stm32f10x_flash.o(i.FLASH_Unlock)
    i.FLASH_WaitForLastOperation             0x080013c4   Section        0  stm32f10x_flash.o(i.FLASH_WaitForLastOperation)
    i.GET_PID                                0x080013ea   Section        0  rc522_function.o(i.GET_PID)
    i.GPIO_Init                              0x08001426   Section        0  stm32f10x_gpio.o(i.GPIO_Init)
    i.GPIO_PinRemapConfig                    0x0800153c   Section        0  stm32f10x_gpio.o(i.GPIO_PinRemapConfig)
    i.GPIO_ReadInputData                     0x080015cc   Section        0  stm32f10x_gpio.o(i.GPIO_ReadInputData)
    i.GPIO_ReadInputDataBit                  0x080015d4   Section        0  stm32f10x_gpio.o(i.GPIO_ReadInputDataBit)
    i.GPIO_ReadOutputData                    0x080015e6   Section        0  stm32f10x_gpio.o(i.GPIO_ReadOutputData)
    i.GPIO_ResetBits                         0x080015ee   Section        0  stm32f10x_gpio.o(i.GPIO_ResetBits)
    i.GPIO_SetBits                           0x080015f2   Section        0  stm32f10x_gpio.o(i.GPIO_SetBits)
    i.GPIO_Write                             0x080015f6   Section        0  stm32f10x_gpio.o(i.GPIO_Write)
    i.GPIO_WriteBit                          0x080015fa   Section        0  stm32f10x_gpio.o(i.GPIO_WriteBit)
    i.HardFault_Handler                      0x08001604   Section        0  stm32f10x_it.o(i.HardFault_Handler)
    i.KEY_DELAY                              0x08001608   Section        0  key.o(i.KEY_DELAY)
    i.KeyPress                               0x0800161c   Section        0  main.o(i.KeyPress)
    i.Key_Init                               0x08001824   Section        0  key.o(i.Key_Init)
    i.Key_Scan                               0x0800183c   Section        0  key.o(i.Key_Scan)
    i.LCD_Write_Com                          0x08001990   Section        0  lcd.o(i.LCD_Write_Com)
    i.LCD_Write_Data                         0x080019f4   Section        0  lcd.o(i.LCD_Write_Data)
    i.LCD_Write_String                       0x08001a54   Section        0  lcd.o(i.LCD_Write_String)
    i.Lcd_Init                               0x08001a88   Section        0  lcd.o(i.Lcd_Init)
    i.M500PcdConfigISOType                   0x08001b28   Section        0  rc522_function.o(i.M500PcdConfigISOType)
    i.MemManage_Handler                      0x08001b7c   Section        0  stm32f10x_it.o(i.MemManage_Handler)
    i.NMI_Handler                            0x08001b80   Section        0  stm32f10x_it.o(i.NMI_Handler)
    i.NVIC_Configuration                     0x08001b82   Section        0  sys.o(i.NVIC_Configuration)
    i.NVIC_Init                              0x08001b90   Section        0  misc.o(i.NVIC_Init)
    i.NVIC_PriorityGroupConfig               0x08001c00   Section        0  misc.o(i.NVIC_PriorityGroupConfig)
    i.PA15_PB3to5IN_AND_PB6to9OUT            0x08001c14   Section        0  key.o(i.PA15_PB3to5IN_AND_PB6to9OUT)
    i.PA15_PB3to5OUT_AND_PB6to9IN            0x08001c7c   Section        0  key.o(i.PA15_PB3to5OUT_AND_PB6to9IN)
    i.PS_StaGPIO_Init                        0x08001ce4   Section        0  as608.o(i.PS_StaGPIO_Init)
    i.PcdAntennaOn                           0x08001d10   Section        0  rc522_function.o(i.PcdAntennaOn)
    i.PcdAnticoll                            0x08001d2a   Section        0  rc522_function.o(i.PcdAnticoll)
    i.PcdComMF522                            0x08001d9c   Section        0  rc522_function.o(i.PcdComMF522)
    i.PcdRequest                             0x08001ece   Section        0  rc522_function.o(i.PcdRequest)
    i.PcdReset                               0x08001f24   Section        0  rc522_function.o(i.PcdReset)
    i.PcdSelect                              0x08001fac   Section        0  rc522_function.o(i.PcdSelect)
    i.PendSV_Handler                         0x0800201e   Section        0  stm32f10x_it.o(i.PendSV_Handler)
    i.RC522_Init                             0x08002020   Section        0  rc522_config.o(i.RC522_Init)
    i.RC522_SCAN                             0x08002044   Section        0  main.o(i.RC522_SCAN)
    i.RC522_SPI_Config                       0x08002190   Section        0  rc522_config.o(i.RC522_SPI_Config)
    RC522_SPI_Config                         0x08002191   Thumb Code   178  rc522_config.o(i.RC522_SPI_Config)
    i.RCC_APB1PeriphClockCmd                 0x0800224c   Section        0  stm32f10x_rcc.o(i.RCC_APB1PeriphClockCmd)
    i.RCC_APB1PeriphResetCmd                 0x0800226c   Section        0  stm32f10x_rcc.o(i.RCC_APB1PeriphResetCmd)
    i.RCC_APB2PeriphClockCmd                 0x0800228c   Section        0  stm32f10x_rcc.o(i.RCC_APB2PeriphClockCmd)
    i.RCC_APB2PeriphResetCmd                 0x080022ac   Section        0  stm32f10x_rcc.o(i.RCC_APB2PeriphResetCmd)
    i.RCC_GetClocksFreq                      0x080022cc   Section        0  stm32f10x_rcc.o(i.RCC_GetClocksFreq)
    i.READ_DATA_FOR_FLASH                    0x080023a0   Section        0  main.o(i.READ_DATA_FOR_FLASH)
    i.READ_IC_NUM_FOR_FLASH                  0x080023b8   Section        0  main.o(i.READ_IC_NUM_FOR_FLASH)
    i.ReadRawRC                              0x080023d4   Section        0  rc522_function.o(i.ReadRawRC)
    i.ResetPassword                          0x0800240c   Section        0  main.o(i.ResetPassword)
    i.SPI_RC522_ReadByte                     0x080025d4   Section        0  rc522_function.o(i.SPI_RC522_ReadByte)
    i.SPI_RC522_SendByte                     0x0800262c   Section        0  rc522_function.o(i.SPI_RC522_SendByte)
    i.STMFLASH_Read                          0x08002688   Section        0  myflash.o(i.STMFLASH_Read)
    i.STMFLASH_ReadHalfWord                  0x080026aa   Section        0  myflash.o(i.STMFLASH_ReadHalfWord)
    i.STMFLASH_Write                         0x080026b0   Section        0  myflash.o(i.STMFLASH_Write)
    i.STMFLASH_Write_NoCheck                 0x08002798   Section        0  myflash.o(i.STMFLASH_Write_NoCheck)
    i.SVC_Handler                            0x080027be   Section        0  stm32f10x_it.o(i.SVC_Handler)
    i.SetBitMask                             0x080027c0   Section        0  rc522_function.o(i.SetBitMask)
    i.SetSysClock                            0x080027da   Section        0  system_stm32f10x.o(i.SetSysClock)
    SetSysClock                              0x080027db   Thumb Code     8  system_stm32f10x.o(i.SetSysClock)
    i.SetSysClockTo72                        0x080027e4   Section        0  system_stm32f10x.o(i.SetSysClockTo72)
    SetSysClockTo72                          0x080027e5   Thumb Code   214  system_stm32f10x.o(i.SetSysClockTo72)
    i.SysTick_CLKSourceConfig                0x080028c4   Section        0  misc.o(i.SysTick_CLKSourceConfig)
    i.SysTick_Handler                        0x080028ec   Section        0  stm32f10x_it.o(i.SysTick_Handler)
    i.SystemInit                             0x080028f0   Section        0  system_stm32f10x.o(i.SystemInit)
    i.TIM2_IRQHandler                        0x08002950   Section        0  timer.o(i.TIM2_IRQHandler)
    i.TIM2_Init                              0x080029cc   Section        0  timer.o(i.TIM2_Init)
    i.TIM_ClearITPendingBit                  0x08002a26   Section        0  stm32f10x_tim.o(i.TIM_ClearITPendingBit)
    i.TIM_Cmd                                0x08002a2c   Section        0  stm32f10x_tim.o(i.TIM_Cmd)
    i.TIM_GetITStatus                        0x08002a44   Section        0  stm32f10x_tim.o(i.TIM_GetITStatus)
    i.TIM_ITConfig                           0x08002a66   Section        0  stm32f10x_tim.o(i.TIM_ITConfig)
    i.TIM_TimeBaseInit                       0x08002a78   Section        0  stm32f10x_tim.o(i.TIM_TimeBaseInit)
    i.USART1_IRQHandler                      0x08002b1c   Section        0  usart1.o(i.USART1_IRQHandler)
    i.USART_ClearITPendingBit                0x08002b68   Section        0  stm32f10x_usart.o(i.USART_ClearITPendingBit)
    i.USART_Cmd                              0x08002b86   Section        0  stm32f10x_usart.o(i.USART_Cmd)
    i.USART_DeInit                           0x08002ba0   Section        0  stm32f10x_usart.o(i.USART_DeInit)
    i.USART_GetITStatus                      0x08002c3c   Section        0  stm32f10x_usart.o(i.USART_GetITStatus)
    i.USART_ITConfig                         0x08002c90   Section        0  stm32f10x_usart.o(i.USART_ITConfig)
    i.USART_Init                             0x08002cdc   Section        0  stm32f10x_usart.o(i.USART_Init)
    i.USART_ReceiveData                      0x08002db4   Section        0  stm32f10x_usart.o(i.USART_ReceiveData)
    i.UsageFault_Handler                     0x08002dbe   Section        0  stm32f10x_it.o(i.UsageFault_Handler)
    i.WRITE_DATA_TO_FLASH                    0x08002dc4   Section        0  main.o(i.WRITE_DATA_TO_FLASH)
    i.WRITE_IC_NUM_TO_FLASH                  0x08002de0   Section        0  main.o(i.WRITE_IC_NUM_TO_FLASH)
    i.WriteRawRC                             0x08002e04   Section        0  rc522_function.o(i.WriteRawRC)
    i._is_digit                              0x08002e38   Section        0  __printf_wp.o(i._is_digit)
    i._sys_exit                              0x08002e46   Section        0  usart1.o(i._sys_exit)
    i.delay_init                             0x08002e4c   Section        0  delay.o(i.delay_init)
    i.delay_ms                               0x08002e90   Section        0  delay.o(i.delay_ms)
    i.delay_us                               0x08002edc   Section        0  delay.o(i.delay_us)
    i.finger_ctrl                            0x08002f28   Section        0  main.o(i.finger_ctrl)
    i.main                                   0x0800308c   Section        0  main.o(i.main)
    i.uart1_Init                             0x080031e8   Section        0  usart1.o(i.uart1_Init)
    i.uart1_send                             0x080032a4   Section        0  usart1.o(i.uart1_send)
    i.uart_recv                              0x080032d0   Section        0  as608.o(i.uart_recv)
    .constdata                               0x08003324   Section       40  _printf_hex_int.o(.constdata)
    uc_hextab                                0x08003324   Data          20  _printf_hex_int.o(.constdata)
    lc_hextab                                0x08003338   Data          20  _printf_hex_int.o(.constdata)
    .constdata                               0x0800334c   Section       17  __printf_flags_wp.o(.constdata)
    maptable                                 0x0800334c   Data          17  __printf_flags_wp.o(.constdata)
    .data                                    0x20000000   Section       20  stm32f10x_rcc.o(.data)
    APBAHBPrescTable                         0x20000000   Data          16  stm32f10x_rcc.o(.data)
    ADCPrescTable                            0x20000010   Data           4  stm32f10x_rcc.o(.data)
    .data                                    0x20000014   Section        1  timer.o(.data)
    time_count                               0x20000014   Data           1  timer.o(.data)
    .data                                    0x20000015   Section       68  as608.o(.data)
    .data                                    0x2000005a   Section       55  main.o(.data)
    i                                        0x20000090   Data           1  main.o(.data)
    .data                                    0x20000094   Section       20  system_stm32f10x.o(.data)
    .data                                    0x200000a8   Section        4  delay.o(.data)
    fac_us                                   0x200000a8   Data           1  delay.o(.data)
    fac_ms                                   0x200000aa   Data           2  delay.o(.data)
    .data                                    0x200000ac   Section        8  usart1.o(.data)
    .bss                                     0x200000b4   Section     1024  myflash.o(.bss)
    .bss                                     0x200004b4   Section       24  as608.o(.bss)
    .bss                                     0x200004cc   Section       10  main.o(.bss)
    .bss                                     0x200004d6   Section       48  usart1.o(.bss)
    .bss                                     0x20000508   Section       96  libspace.o(.bss)
    HEAP                                     0x20000568   Section      512  startup_stm32f10x_md.o(HEAP)
    Heap_Mem                                 0x20000568   Data         512  startup_stm32f10x_md.o(HEAP)
    STACK                                    0x20000768   Section     1024  startup_stm32f10x_md.o(STACK)
    Stack_Mem                                0x20000768   Data        1024  startup_stm32f10x_md.o(STACK)
    __initial_sp                             0x20000b68   Data           0  startup_stm32f10x_md.o(STACK)

    Global Symbols

    Symbol Name                              Value     Ov Type        Size  Object(Section)

    BuildAttributes$$THM_ISAv4$P$D$K$B$S$PE$A:L22UL41UL21$X:L11$S22US41US21$IEEE1$IW$USESV6$~STKCKD$USESV7$~SHL$OSPACE$ROPI$EBA8$UX$STANDARDLIB$REQ8$PRES8$EABIv2 0x00000000   Number         0  anon$$obj.o ABSOLUTE
    __ARM_use_no_argv                        0x00000000   Number         0  main.o ABSOLUTE
    _printf_flags                            0x00000000   Number         0  printf_stubs.o ABSOLUTE
    _printf_return_value                     0x00000000   Number         0  printf_stubs.o ABSOLUTE
    _printf_sizespec                         0x00000000   Number         0  printf_stubs.o ABSOLUTE
    _printf_widthprec                        0x00000000   Number         0  printf_stubs.o ABSOLUTE
    __ARM_exceptions_init                     - Undefined Weak Reference
    __alloca_initialize                       - Undefined Weak Reference
    __arm_fini_                               - Undefined Weak Reference
    __arm_preinit_                            - Undefined Weak Reference
    __cpp_initialize__aeabi_                  - Undefined Weak Reference
    __cxa_finalize                            - Undefined Weak Reference
    __rt_locale                               - Undefined Weak Reference
    __sigvec_lookup                           - Undefined Weak Reference
    _atexit_init                              - Undefined Weak Reference
    _call_atexit_fns                          - Undefined Weak Reference
    _clock_init                               - Undefined Weak Reference
    _fp_trap_init                             - Undefined Weak Reference
    _fp_trap_shutdown                         - Undefined Weak Reference
    _get_lc_collate                           - Undefined Weak Reference
    _get_lc_ctype                             - Undefined Weak Reference
    _get_lc_monetary                          - Undefined Weak Reference
    _get_lc_numeric                           - Undefined Weak Reference
    _get_lc_time                              - Undefined Weak Reference
    _getenv_init                              - Undefined Weak Reference
    _handle_redirection                       - Undefined Weak Reference
    _init_alloc                               - Undefined Weak Reference
    _init_user_alloc                          - Undefined Weak Reference
    _initio                                   - Undefined Weak Reference
    _printf_mbtowc                            - Undefined Weak Reference
    _printf_truncate_signed                   - Undefined Weak Reference
    _printf_truncate_unsigned                 - Undefined Weak Reference
    _rand_init                                - Undefined Weak Reference
    _signal_finish                            - Undefined Weak Reference
    _signal_init                              - Undefined Weak Reference
    _terminate_alloc                          - Undefined Weak Reference
    _terminate_user_alloc                     - Undefined Weak Reference
    _terminateio                              - Undefined Weak Reference
    __Vectors_Size                           0x000000ec   Number         0  startup_stm32f10x_md.o ABSOLUTE
    __Vectors                                0x08000000   Data           4  startup_stm32f10x_md.o(RESET)
    __Vectors_End                            0x080000ec   Data           0  startup_stm32f10x_md.o(RESET)
    __main                                   0x080000ed   Thumb Code     8  __main.o(!!!main)
    __scatterload                            0x080000f5   Thumb Code     0  __scatter.o(!!!scatter)
    __scatterload_rt2                        0x080000f5   Thumb Code    44  __scatter.o(!!!scatter)
    __scatterload_rt2_thumb_only             0x080000f5   Thumb Code     0  __scatter.o(!!!scatter)
    __scatterload_null                       0x08000103   Thumb Code     0  __scatter.o(!!!scatter)
    __scatterload_copy                       0x08000129   Thumb Code    26  __scatter_copy.o(!!handler_copy)
    __scatterload_zeroinit                   0x08000145   Thumb Code    28  __scatter_zi.o(!!handler_zi)
    _printf_d                                0x08000161   Thumb Code     0  _printf_d.o(.ARM.Collect$$_printf_percent$$00000009)
    _printf_percent                          0x08000161   Thumb Code     0  _printf_percent.o(.ARM.Collect$$_printf_percent$$00000000)
    _printf_x                                0x08000167   Thumb Code     0  _printf_x.o(.ARM.Collect$$_printf_percent$$0000000C)
    _printf_s                                0x0800016d   Thumb Code     0  _printf_s.o(.ARM.Collect$$_printf_percent$$00000014)
    _printf_percent_end                      0x08000173   Thumb Code     0  _printf_percent_end.o(.ARM.Collect$$_printf_percent$$00000017)
    __rt_lib_init                            0x08000177   Thumb Code     0  libinit.o(.ARM.Collect$$libinit$$00000000)
    __rt_lib_init_alloca_1                   0x08000179   Thumb Code     0  libinit2.o(.ARM.Collect$$libinit$$0000002E)
    __rt_lib_init_argv_1                     0x08000179   Thumb Code     0  libinit2.o(.ARM.Collect$$libinit$$0000002C)
    __rt_lib_init_atexit_1                   0x08000179   Thumb Code     0  libinit2.o(.ARM.Collect$$libinit$$0000001B)
    __rt_lib_init_clock_1                    0x08000179   Thumb Code     0  libinit2.o(.ARM.Collect$$libinit$$00000021)
    __rt_lib_init_cpp_1                      0x08000179   Thumb Code     0  libinit2.o(.ARM.Collect$$libinit$$00000032)
    __rt_lib_init_exceptions_1               0x08000179   Thumb Code     0  libinit2.o(.ARM.Collect$$libinit$$00000030)
    __rt_lib_init_fp_1                       0x08000179   Thumb Code     0  libinit2.o(.ARM.Collect$$libinit$$00000002)
    __rt_lib_init_fp_trap_1                  0x08000179   Thumb Code     0  libinit2.o(.ARM.Collect$$libinit$$0000001F)
    __rt_lib_init_getenv_1                   0x08000179   Thumb Code     0  libinit2.o(.ARM.Collect$$libinit$$00000023)
    __rt_lib_init_heap_1                     0x08000179   Thumb Code     0  libinit2.o(.ARM.Collect$$libinit$$0000000A)
    __rt_lib_init_lc_collate_1               0x08000179   Thumb Code     0  libinit2.o(.ARM.Collect$$libinit$$00000011)
    __rt_lib_init_lc_ctype_1                 0x08000179   Thumb Code     0  libinit2.o(.ARM.Collect$$libinit$$00000013)
    __rt_lib_init_lc_monetary_1              0x08000179   Thumb Code     0  libinit2.o(.ARM.Collect$$libinit$$00000015)
    __rt_lib_init_lc_numeric_1               0x08000179   Thumb Code     0  libinit2.o(.ARM.Collect$$libinit$$00000017)
    __rt_lib_init_lc_time_1                  0x08000179   Thumb Code     0  libinit2.o(.ARM.Collect$$libinit$$00000019)
    __rt_lib_init_preinit_1                  0x08000179   Thumb Code     0  libinit2.o(.ARM.Collect$$libinit$$00000004)
    __rt_lib_init_rand_1                     0x08000179   Thumb Code     0  libinit2.o(.ARM.Collect$$libinit$$0000000E)
    __rt_lib_init_return                     0x08000179   Thumb Code     0  libinit2.o(.ARM.Collect$$libinit$$00000033)
    __rt_lib_init_signal_1                   0x08000179   Thumb Code     0  libinit2.o(.ARM.Collect$$libinit$$0000001D)
    __rt_lib_init_stdio_1                    0x08000179   Thumb Code     0  libinit2.o(.ARM.Collect$$libinit$$00000025)
    __rt_lib_init_user_alloc_1               0x08000179   Thumb Code     0  libinit2.o(.ARM.Collect$$libinit$$0000000C)
    __rt_lib_shutdown                        0x0800017b   Thumb Code     0  libshutdown.o(.ARM.Collect$$libshutdown$$00000000)
    __rt_lib_shutdown_cpp_1                  0x0800017d   Thumb Code     0  libshutdown2.o(.ARM.Collect$$libshutdown$$00000004)
    __rt_lib_shutdown_fini_1                 0x0800017d   Thumb Code     0  libshutdown2.o(.ARM.Collect$$libshutdown$$00000002)
    __rt_lib_shutdown_fp_trap_1              0x0800017d   Thumb Code     0  libshutdown2.o(.ARM.Collect$$libshutdown$$00000009)
    __rt_lib_shutdown_heap_1                 0x0800017d   Thumb Code     0  libshutdown2.o(.ARM.Collect$$libshutdown$$00000011)
    __rt_lib_shutdown_return                 0x0800017d   Thumb Code     0  libshutdown2.o(.ARM.Collect$$libshutdown$$00000012)
    __rt_lib_shutdown_signal_1               0x0800017d   Thumb Code     0  libshutdown2.o(.ARM.Collect$$libshutdown$$0000000C)
    __rt_lib_shutdown_stdio_1                0x0800017d   Thumb Code     0  libshutdown2.o(.ARM.Collect$$libshutdown$$00000006)
    __rt_lib_shutdown_user_alloc_1           0x0800017d   Thumb Code     0  libshutdown2.o(.ARM.Collect$$libshutdown$$0000000E)
    __rt_entry                               0x0800017f   Thumb Code     0  __rtentry.o(.ARM.Collect$$rtentry$$00000000)
    __rt_entry_presh_1                       0x0800017f   Thumb Code     0  __rtentry2.o(.ARM.Collect$$rtentry$$00000002)
    __rt_entry_sh                            0x0800017f   Thumb Code     0  __rtentry4.o(.ARM.Collect$$rtentry$$00000004)
    __rt_entry_li                            0x08000185   Thumb Code     0  __rtentry2.o(.ARM.Collect$$rtentry$$0000000A)
    __rt_entry_postsh_1                      0x08000185   Thumb Code     0  __rtentry2.o(.ARM.Collect$$rtentry$$00000009)
    __rt_entry_main                          0x08000189   Thumb Code     0  __rtentry2.o(.ARM.Collect$$rtentry$$0000000D)
    __rt_entry_postli_1                      0x08000189   Thumb Code     0  __rtentry2.o(.ARM.Collect$$rtentry$$0000000C)
    __rt_exit                                0x08000191   Thumb Code     0  rtexit.o(.ARM.Collect$$rtexit$$00000000)
    __rt_exit_ls                             0x08000193   Thumb Code     0  rtexit2.o(.ARM.Collect$$rtexit$$00000003)
    __rt_exit_prels_1                        0x08000193   Thumb Code     0  rtexit2.o(.ARM.Collect$$rtexit$$00000002)
    __rt_exit_exit                           0x08000197   Thumb Code     0  rtexit2.o(.ARM.Collect$$rtexit$$00000004)
    Reset_Handler                            0x0800019d   Thumb Code     8  startup_stm32f10x_md.o(.text)
    ADC1_2_IRQHandler                        0x080001b7   Thumb Code     0  startup_stm32f10x_md.o(.text)
    CAN1_RX1_IRQHandler                      0x080001b7   Thumb Code     0  startup_stm32f10x_md.o(.text)
    CAN1_SCE_IRQHandler                      0x080001b7   Thumb Code     0  startup_stm32f10x_md.o(.text)
    DMA1_Channel1_IRQHandler                 0x080001b7   Thumb Code     0  startup_stm32f10x_md.o(.text)
    DMA1_Channel2_IRQHandler                 0x080001b7   Thumb Code     0  startup_stm32f10x_md.o(.text)
    DMA1_Channel3_IRQHandler                 0x080001b7   Thumb Code     0  startup_stm32f10x_md.o(.text)
    DMA1_Channel4_IRQHandler                 0x080001b7   Thumb Code     0  startup_stm32f10x_md.o(.text)
    DMA1_Channel5_IRQHandler                 0x080001b7   Thumb Code     0  startup_stm32f10x_md.o(.text)
    DMA1_Channel6_IRQHandler                 0x080001b7   Thumb Code     0  startup_stm32f10x_md.o(.text)
    DMA1_Channel7_IRQHandler                 0x080001b7   Thumb Code     0  startup_stm32f10x_md.o(.text)
    EXTI0_IRQHandler                         0x080001b7   Thumb Code     0  startup_stm32f10x_md.o(.text)
    EXTI15_10_IRQHandler                     0x080001b7   Thumb Code     0  startup_stm32f10x_md.o(.text)
    EXTI1_IRQHandler                         0x080001b7   Thumb Code     0  startup_stm32f10x_md.o(.text)
    EXTI2_IRQHandler                         0x080001b7   Thumb Code     0  startup_stm32f10x_md.o(.text)
    EXTI3_IRQHandler                         0x080001b7   Thumb Code     0  startup_stm32f10x_md.o(.text)
    EXTI4_IRQHandler                         0x080001b7   Thumb Code     0  startup_stm32f10x_md.o(.text)
    EXTI9_5_IRQHandler                       0x080001b7   Thumb Code     0  startup_stm32f10x_md.o(.text)
    FLASH_IRQHandler                         0x080001b7   Thumb Code     0  startup_stm32f10x_md.o(.text)
    I2C1_ER_IRQHandler                       0x080001b7   Thumb Code     0  startup_stm32f10x_md.o(.text)
    I2C1_EV_IRQHandler                       0x080001b7   Thumb Code     0  startup_stm32f10x_md.o(.text)
    I2C2_ER_IRQHandler                       0x080001b7   Thumb Code     0  startup_stm32f10x_md.o(.text)
    I2C2_EV_IRQHandler                       0x080001b7   Thumb Code     0  startup_stm32f10x_md.o(.text)
    PVD_IRQHandler                           0x080001b7   Thumb Code     0  startup_stm32f10x_md.o(.text)
    RCC_IRQHandler                           0x080001b7   Thumb Code     0  startup_stm32f10x_md.o(.text)
    RTCAlarm_IRQHandler                      0x080001b7   Thumb Code     0  startup_stm32f10x_md.o(.text)
    RTC_IRQHandler                           0x080001b7   Thumb Code     0  startup_stm32f10x_md.o(.text)
    SPI1_IRQHandler                          0x080001b7   Thumb Code     0  startup_stm32f10x_md.o(.text)
    SPI2_IRQHandler                          0x080001b7   Thumb Code     0  startup_stm32f10x_md.o(.text)
    TAMPER_IRQHandler                        0x080001b7   Thumb Code     0  startup_stm32f10x_md.o(.text)
    TIM1_BRK_IRQHandler                      0x080001b7   Thumb Code     0  startup_stm32f10x_md.o(.text)
    TIM1_CC_IRQHandler                       0x080001b7   Thumb Code     0  startup_stm32f10x_md.o(.text)
    TIM1_TRG_COM_IRQHandler                  0x080001b7   Thumb Code     0  startup_stm32f10x_md.o(.text)
    TIM1_UP_IRQHandler                       0x080001b7   Thumb Code     0  startup_stm32f10x_md.o(.text)
    TIM3_IRQHandler                          0x080001b7   Thumb Code     0  startup_stm32f10x_md.o(.text)
    TIM4_IRQHandler                          0x080001b7   Thumb Code     0  startup_stm32f10x_md.o(.text)
    USART2_IRQHandler                        0x080001b7   Thumb Code     0  startup_stm32f10x_md.o(.text)
    USART3_IRQHandler                        0x080001b7   Thumb Code     0  startup_stm32f10x_md.o(.text)
    USBWakeUp_IRQHandler                     0x080001b7   Thumb Code     0  startup_stm32f10x_md.o(.text)
    USB_HP_CAN1_TX_IRQHandler                0x080001b7   Thumb Code     0  startup_stm32f10x_md.o(.text)
    USB_LP_CAN1_RX0_IRQHandler               0x080001b7   Thumb Code     0  startup_stm32f10x_md.o(.text)
    WWDG_IRQHandler                          0x080001b7   Thumb Code     0  startup_stm32f10x_md.o(.text)
    __user_initial_stackheap                 0x080001b9   Thumb Code     0  startup_stm32f10x_md.o(.text)
    __use_no_semihosting                     0x080001dd   Thumb Code     2  use_no_semi_2.o(.text)
    __2sprintf                               0x080001e1   Thumb Code    34  noretval__2sprintf.o(.text)
    _printf_pre_padding                      0x08000209   Thumb Code    44  _printf_pad.o(.text)
    _printf_post_padding                     0x08000235   Thumb Code    34  _printf_pad.o(.text)
    _printf_str                              0x08000257   Thumb Code    82  _printf_str.o(.text)
    _printf_int_dec                          0x080002a9   Thumb Code   104  _printf_dec.o(.text)
    _printf_int_hex                          0x08000321   Thumb Code    84  _printf_hex_int.o(.text)
    _printf_longlong_hex                     0x08000321   Thumb Code     0  _printf_hex_int.o(.text)
    __printf                                 0x08000379   Thumb Code   308  __printf_flags_wp.o(.text)
    strstr                                   0x080004b1   Thumb Code    36  strstr.o(.text)
    __aeabi_memset                           0x080004d5   Thumb Code    16  aeabi_memset.o(.text)
    __aeabi_memclr                           0x080004e5   Thumb Code     0  rt_memclr.o(.text)
    __rt_memclr                              0x080004e5   Thumb Code    68  rt_memclr.o(.text)
    _memset                                  0x080004e9   Thumb Code     0  rt_memclr.o(.text)
    __use_two_region_memory                  0x08000529   Thumb Code     2  heapauxi.o(.text)
    __rt_heap_escrow$2region                 0x0800052b   Thumb Code     2  heapauxi.o(.text)
    __rt_heap_expand$2region                 0x0800052d   Thumb Code     2  heapauxi.o(.text)
    __I$use$semihosting                      0x0800052f   Thumb Code     0  use_no_semi.o(.text)
    __use_no_semihosting_swi                 0x0800052f   Thumb Code     2  use_no_semi.o(.text)
    _printf_int_common                       0x08000531   Thumb Code   178  _printf_intcommon.o(.text)
    _printf_char_common                      0x080005ef   Thumb Code    32  _printf_char_common.o(.text)
    _sputc                                   0x08000615   Thumb Code    10  _sputc.o(.text)
    _printf_cs_common                        0x0800061f   Thumb Code    20  _printf_char.o(.text)
    _printf_char                             0x08000633   Thumb Code    16  _printf_char.o(.text)
    _printf_string                           0x08000643   Thumb Code     8  _printf_char.o(.text)
    __aeabi_memclr4                          0x0800064b   Thumb Code     0  rt_memclr_w.o(.text)
    __aeabi_memclr8                          0x0800064b   Thumb Code     0  rt_memclr_w.o(.text)
    __rt_memclr_w                            0x0800064b   Thumb Code    78  rt_memclr_w.o(.text)
    _memset_w                                0x0800064f   Thumb Code     0  rt_memclr_w.o(.text)
    __user_setup_stackheap                   0x08000699   Thumb Code    74  sys_stackheap_outer.o(.text)
    exit                                     0x080006e3   Thumb Code    18  exit.o(.text)
    __user_libspace                          0x080006f5   Thumb Code     8  libspace.o(.text)
    __user_perproc_libspace                  0x080006f5   Thumb Code     0  libspace.o(.text)
    __user_perthread_libspace                0x080006f5   Thumb Code     0  libspace.o(.text)
    ADD_ID_MODE                              0x080006fd   Thumb Code   188  main.o(i.ADD_ID_MODE)
    AS608_Add_Fingerprint                    0x08000815   Thumb Code    48  as608.o(i.AS608_Add_Fingerprint)
    AS608_Cmd_Get_Img                        0x08000845   Thumb Code    32  as608.o(i.AS608_Cmd_Get_Img)
    AS608_Cmd_Send_Pack_Head                 0x0800086d   Thumb Code    12  as608.o(i.AS608_Cmd_Send_Pack_Head)
    AS608_Find_Fingerprint                   0x0800087d   Thumb Code    32  as608.o(i.AS608_Find_Fingerprint)
    AS608_Receive_Data                       0x0800089d   Thumb Code    22  as608.o(i.AS608_Receive_Data)
    BeepAndRelay_Init                        0x080008b9   Thumb Code    88  key.o(i.BeepAndRelay_Init)
    BusFault_Handler                         0x08000919   Thumb Code     4  stm32f10x_it.o(i.BusFault_Handler)
    BuzzerRingsNum                           0x0800091d   Thumb Code    50  main.o(i.BuzzerRingsNum)
    CHECK_NEW_MCU                            0x08000959   Thumb Code   100  main.o(i.CHECK_NEW_MCU)
    COMPER_ID_MODE                           0x080009d1   Thumb Code   278  main.o(i.COMPER_ID_MODE)
    CalulateCRC                              0x08000b71   Thumb Code   108  rc522_function.o(i.CalulateCRC)
    Cancel                                   0x08000bdd   Thumb Code    84  main.o(i.Cancel)
    ClearBitMask                             0x08000c71   Thumb Code    26  rc522_function.o(i.ClearBitMask)
    DEL_ID_MODE                              0x08000c8d   Thumb Code   186  main.o(i.DEL_ID_MODE)
    Dao_xu                                   0x08000db1   Thumb Code    40  lcd.o(i.Dao_xu)
    DataInit                                 0x08000dd9   Thumb Code    28  main.o(i.DataInit)
    DebugMon_Handler                         0x08000dfd   Thumb Code     2  stm32f10x_it.o(i.DebugMon_Handler)
    Display_user_id                          0x08000e01   Thumb Code   118  main.o(i.Display_user_id)
    Ensure                                   0x08000e7d   Thumb Code   580  main.o(i.Ensure)
    FINGERPRINT_Cmd_Delete_All_Model         0x080011b1   Thumb Code    32  as608.o(i.FINGERPRINT_Cmd_Delete_All_Model)
    FINGERPRINT_Cmd_Img_To_Buffer1           0x080011d9   Thumb Code    32  as608.o(i.FINGERPRINT_Cmd_Img_To_Buffer1)
    FINGERPRINT_Cmd_Img_To_Buffer2           0x08001201   Thumb Code    32  as608.o(i.FINGERPRINT_Cmd_Img_To_Buffer2)
    FINGERPRINT_Cmd_Reg_Model                0x08001229   Thumb Code    32  as608.o(i.FINGERPRINT_Cmd_Reg_Model)
    FINGERPRINT_Cmd_Save_Finger              0x08001251   Thumb Code    72  as608.o(i.FINGERPRINT_Cmd_Save_Finger)
    FINGERPRINT_Cmd_Search_Finger            0x080012a1   Thumb Code    48  as608.o(i.FINGERPRINT_Cmd_Search_Finger)
    FLASH_ErasePage                          0x080012d9   Thumb Code    72  stm32f10x_flash.o(i.FLASH_ErasePage)
    FLASH_GetBank1Status                     0x08001325   Thumb Code    48  stm32f10x_flash.o(i.FLASH_GetBank1Status)
    FLASH_Lock                               0x08001359   Thumb Code    14  stm32f10x_flash.o(i.FLASH_Lock)
    FLASH_ProgramHalfWord                    0x0800136d   Thumb Code    60  stm32f10x_flash.o(i.FLASH_ProgramHalfWord)
    FLASH_Unlock                             0x080013ad   Thumb Code    12  stm32f10x_flash.o(i.FLASH_Unlock)
    FLASH_WaitForLastOperation               0x080013c5   Thumb Code    38  stm32f10x_flash.o(i.FLASH_WaitForLastOperation)
    GET_PID                                  0x080013eb   Thumb Code    60  rc522_function.o(i.GET_PID)
    GPIO_Init                                0x08001427   Thumb Code   278  stm32f10x_gpio.o(i.GPIO_Init)
    GPIO_PinRemapConfig                      0x0800153d   Thumb Code   138  stm32f10x_gpio.o(i.GPIO_PinRemapConfig)
    GPIO_ReadInputData                       0x080015cd   Thumb Code     8  stm32f10x_gpio.o(i.GPIO_ReadInputData)
    GPIO_ReadInputDataBit                    0x080015d5   Thumb Code    18  stm32f10x_gpio.o(i.GPIO_ReadInputDataBit)
    GPIO_ReadOutputData                      0x080015e7   Thumb Code     8  stm32f10x_gpio.o(i.GPIO_ReadOutputData)
    GPIO_ResetBits                           0x080015ef   Thumb Code     4  stm32f10x_gpio.o(i.GPIO_ResetBits)
    GPIO_SetBits                             0x080015f3   Thumb Code     4  stm32f10x_gpio.o(i.GPIO_SetBits)
    GPIO_Write                               0x080015f7   Thumb Code     4  stm32f10x_gpio.o(i.GPIO_Write)
    GPIO_WriteBit                            0x080015fb   Thumb Code    10  stm32f10x_gpio.o(i.GPIO_WriteBit)
    HardFault_Handler                        0x08001605   Thumb Code     4  stm32f10x_it.o(i.HardFault_Handler)
    KEY_DELAY                                0x08001609   Thumb Code    18  key.o(i.KEY_DELAY)
    KeyPress                                 0x0800161d   Thumb Code   432  main.o(i.KeyPress)
    Key_Init                                 0x08001825   Thumb Code    20  key.o(i.Key_Init)
    Key_Scan                                 0x0800183d   Thumb Code   332  key.o(i.Key_Scan)
    LCD_Write_Com                            0x08001991   Thumb Code    86  lcd.o(i.LCD_Write_Com)
    LCD_Write_Data                           0x080019f5   Thumb Code    84  lcd.o(i.LCD_Write_Data)
    LCD_Write_String                         0x08001a55   Thumb Code    50  lcd.o(i.LCD_Write_String)
    Lcd_Init                                 0x08001a89   Thumb Code   150  lcd.o(i.Lcd_Init)
    M500PcdConfigISOType                     0x08001b29   Thumb Code    84  rc522_function.o(i.M500PcdConfigISOType)
    MemManage_Handler                        0x08001b7d   Thumb Code     4  stm32f10x_it.o(i.MemManage_Handler)
    NMI_Handler                              0x08001b81   Thumb Code     2  stm32f10x_it.o(i.NMI_Handler)
    NVIC_Configuration                       0x08001b83   Thumb Code    12  sys.o(i.NVIC_Configuration)
    NVIC_Init                                0x08001b91   Thumb Code   100  misc.o(i.NVIC_Init)
    NVIC_PriorityGroupConfig                 0x08001c01   Thumb Code    10  misc.o(i.NVIC_PriorityGroupConfig)
    PA15_PB3to5IN_AND_PB6to9OUT              0x08001c15   Thumb Code    94  key.o(i.PA15_PB3to5IN_AND_PB6to9OUT)
    PA15_PB3to5OUT_AND_PB6to9IN              0x08001c7d   Thumb Code    94  key.o(i.PA15_PB3to5OUT_AND_PB6to9IN)
    PS_StaGPIO_Init                          0x08001ce5   Thumb Code    40  as608.o(i.PS_StaGPIO_Init)
    PcdAntennaOn                             0x08001d11   Thumb Code    26  rc522_function.o(i.PcdAntennaOn)
    PcdAnticoll                              0x08001d2b   Thumb Code   114  rc522_function.o(i.PcdAnticoll)
    PcdComMF522                              0x08001d9d   Thumb Code   306  rc522_function.o(i.PcdComMF522)
    PcdRequest                               0x08001ecf   Thumb Code    86  rc522_function.o(i.PcdRequest)
    PcdReset                                 0x08001f25   Thumb Code   130  rc522_function.o(i.PcdReset)
    PcdSelect                                0x08001fad   Thumb Code   114  rc522_function.o(i.PcdSelect)
    PendSV_Handler                           0x0800201f   Thumb Code     2  stm32f10x_it.o(i.PendSV_Handler)
    RC522_Init                               0x08002021   Thumb Code    28  rc522_config.o(i.RC522_Init)
    RC522_SCAN                               0x08002045   Thumb Code   174  main.o(i.RC522_SCAN)
    RCC_APB1PeriphClockCmd                   0x0800224d   Thumb Code    26  stm32f10x_rcc.o(i.RCC_APB1PeriphClockCmd)
    RCC_APB1PeriphResetCmd                   0x0800226d   Thumb Code    26  stm32f10x_rcc.o(i.RCC_APB1PeriphResetCmd)
    RCC_APB2PeriphClockCmd                   0x0800228d   Thumb Code    26  stm32f10x_rcc.o(i.RCC_APB2PeriphClockCmd)
    RCC_APB2PeriphResetCmd                   0x080022ad   Thumb Code    26  stm32f10x_rcc.o(i.RCC_APB2PeriphResetCmd)
    RCC_GetClocksFreq                        0x080022cd   Thumb Code   192  stm32f10x_rcc.o(i.RCC_GetClocksFreq)
    READ_DATA_FOR_FLASH                      0x080023a1   Thumb Code    18  main.o(i.READ_DATA_FOR_FLASH)
    READ_IC_NUM_FOR_FLASH                    0x080023b9   Thumb Code    24  main.o(i.READ_IC_NUM_FOR_FLASH)
    ReadRawRC                                0x080023d5   Thumb Code    50  rc522_function.o(i.ReadRawRC)
    ResetPassword                            0x0800240d   Thumb Code   342  main.o(i.ResetPassword)
    SPI_RC522_ReadByte                       0x080025d5   Thumb Code    78  rc522_function.o(i.SPI_RC522_ReadByte)
    SPI_RC522_SendByte                       0x0800262d   Thumb Code    88  rc522_function.o(i.SPI_RC522_SendByte)
    STMFLASH_Read                            0x08002689   Thumb Code    34  myflash.o(i.STMFLASH_Read)
    STMFLASH_ReadHalfWord                    0x080026ab   Thumb Code     6  myflash.o(i.STMFLASH_ReadHalfWord)
    STMFLASH_Write                           0x080026b1   Thumb Code   222  myflash.o(i.STMFLASH_Write)
    STMFLASH_Write_NoCheck                   0x08002799   Thumb Code    38  myflash.o(i.STMFLASH_Write_NoCheck)
    SVC_Handler                              0x080027bf   Thumb Code     2  stm32f10x_it.o(i.SVC_Handler)
    SetBitMask                               0x080027c1   Thumb Code    26  rc522_function.o(i.SetBitMask)
    SysTick_CLKSourceConfig                  0x080028c5   Thumb Code    40  misc.o(i.SysTick_CLKSourceConfig)
    SysTick_Handler                          0x080028ed   Thumb Code     2  stm32f10x_it.o(i.SysTick_Handler)
    SystemInit                               0x080028f1   Thumb Code    78  system_stm32f10x.o(i.SystemInit)
    TIM2_IRQHandler                          0x08002951   Thumb Code   100  timer.o(i.TIM2_IRQHandler)
    TIM2_Init                                0x080029cd   Thumb Code    90  timer.o(i.TIM2_Init)
    TIM_ClearITPendingBit                    0x08002a27   Thumb Code     6  stm32f10x_tim.o(i.TIM_ClearITPendingBit)
    TIM_Cmd                                  0x08002a2d   Thumb Code    24  stm32f10x_tim.o(i.TIM_Cmd)
    TIM_GetITStatus                          0x08002a45   Thumb Code    34  stm32f10x_tim.o(i.TIM_GetITStatus)
    TIM_ITConfig                             0x08002a67   Thumb Code    18  stm32f10x_tim.o(i.TIM_ITConfig)
    TIM_TimeBaseInit                         0x08002a79   Thumb Code   122  stm32f10x_tim.o(i.TIM_TimeBaseInit)
    USART1_IRQHandler                        0x08002b1d   Thumb Code    64  usart1.o(i.USART1_IRQHandler)
    USART_ClearITPendingBit                  0x08002b69   Thumb Code    30  stm32f10x_usart.o(i.USART_ClearITPendingBit)
    USART_Cmd                                0x08002b87   Thumb Code    24  stm32f10x_usart.o(i.USART_Cmd)
    USART_DeInit                             0x08002ba1   Thumb Code   134  stm32f10x_usart.o(i.USART_DeInit)
    USART_GetITStatus                        0x08002c3d   Thumb Code    84  stm32f10x_usart.o(i.USART_GetITStatus)
    USART_ITConfig                           0x08002c91   Thumb Code    74  stm32f10x_usart.o(i.USART_ITConfig)
    USART_Init                               0x08002cdd   Thumb Code   210  stm32f10x_usart.o(i.USART_Init)
    USART_ReceiveData                        0x08002db5   Thumb Code    10  stm32f10x_usart.o(i.USART_ReceiveData)
    UsageFault_Handler                       0x08002dbf   Thumb Code     4  stm32f10x_it.o(i.UsageFault_Handler)
    WRITE_DATA_TO_FLASH                      0x08002dc5   Thumb Code    24  main.o(i.WRITE_DATA_TO_FLASH)
    WRITE_IC_NUM_TO_FLASH                    0x08002de1   Thumb Code    30  main.o(i.WRITE_IC_NUM_TO_FLASH)
    WriteRawRC                               0x08002e05   Thumb Code    46  rc522_function.o(i.WriteRawRC)
    _is_digit                                0x08002e39   Thumb Code    14  __printf_wp.o(i._is_digit)
    _sys_exit                                0x08002e47   Thumb Code     6  usart1.o(i._sys_exit)
    delay_init                               0x08002e4d   Thumb Code    50  delay.o(i.delay_init)
    delay_ms                                 0x08002e91   Thumb Code    72  delay.o(i.delay_ms)
    delay_us                                 0x08002edd   Thumb Code    72  delay.o(i.delay_us)
    finger_ctrl                              0x08002f29   Thumb Code   244  main.o(i.finger_ctrl)
    main                                     0x0800308d   Thumb Code   240  main.o(i.main)
    uart1_Init                               0x080031e9   Thumb Code   178  usart1.o(i.uart1_Init)
    uart1_send                               0x080032a5   Thumb Code    38  usart1.o(i.uart1_send)
    uart_recv                                0x080032d1   Thumb Code    76  as608.o(i.uart_recv)
    Region$$Table$$Base                      0x08003360   Number         0  anon$$obj.o(Region$$Table)
    Region$$Table$$Limit                     0x08003380   Number         0  anon$$obj.o(Region$$Table)
    AS608_Pack_Head                          0x20000015   Data           6  as608.o(.data)
    AS608_Get_Img                            0x2000001b   Data           6  as608.o(.data)
    FP_Search                                0x20000021   Data          11  as608.o(.data)
    FP_Img_To_Buffer1                        0x2000002c   Data           7  as608.o(.data)
    FP_Img_To_Buffer2                        0x20000033   Data           7  as608.o(.data)
    FP_Reg_Model                             0x2000003a   Data           6  as608.o(.data)
    FP_Delet_All_Model                       0x20000040   Data           6  as608.o(.data)
    FP_Save_Finger                           0x20000046   Data           9  as608.o(.data)
    FP_Delete_Model                          0x2000004f   Data          10  as608.o(.data)
    FlagKeyPress                             0x2000005a   Data           1  main.o(.data)
    keycode                                  0x2000005b   Data           1  main.o(.data)
    pass                                     0x2000005c   Data           1  main.o(.data)
    ICpass                                   0x2000005d   Data           1  main.o(.data)
    CurrentPassword                          0x2000005e   Data           6  main.o(.data)
    InputData                                0x20000064   Data           6  main.o(.data)
    initpassword                             0x2000006a   Data           6  main.o(.data)
    TempPassword                             0x20000070   Data           6  main.o(.data)
    PressNum                                 0x20000076   Data           1  main.o(.data)
    CorrectCont                              0x20000077   Data           1  main.o(.data)
    ReInputEn                                0x20000078   Data           1  main.o(.data)
    ReInputCont                              0x20000079   Data           1  main.o(.data)
    ErrorCont                                0x2000007a   Data           1  main.o(.data)
    RELAY_TIME                               0x2000007b   Data           1  main.o(.data)
    InitDisplay                              0x2000007c   Data           1  main.o(.data)
    Register                                 0x2000007d   Data           1  main.o(.data)
    Delete                                   0x2000007e   Data           1  main.o(.data)
    RegFingerprint                           0x2000007f   Data           1  main.o(.data)
    ucArray_ID                               0x20000080   Data           4  main.o(.data)
    ID_BUF                                   0x20000084   Data           8  main.o(.data)
    Manager                                  0x2000008c   Data           1  main.o(.data)
    user_id                                  0x2000008e   Data           2  main.o(.data)
    SystemCoreClock                          0x20000094   Data           4  system_stm32f10x.o(.data)
    AHBPrescTable                            0x20000098   Data          16  system_stm32f10x.o(.data)
    RxCounter                                0x200000ac   Data           4  usart1.o(.data)
    __stdout                                 0x200000b0   Data           4  usart1.o(.data)
    STMFLASH_BUF                             0x200000b4   Data        1024  myflash.o(.bss)
    AS608_RECEICE_BUFFER                     0x200004b4   Data          24  as608.o(.bss)
    ID_TEMP_Buffer                           0x200004cc   Data          10  main.o(.bss)
    Usart1RecBuf                             0x200004d6   Data          48  usart1.o(.bss)
    __libspace_start                         0x20000508   Data          96  libspace.o(.bss)
    __temporary_stack_top$libspace           0x20000568   Data           0  libspace.o(.bss)



==============================================================================

Memory Map of the image

  Image Entry point : 0x080000ed

  Load Region LR_IROM1 (Base: 0x08000000, Size: 0x00003434, Max: 0x00010000, ABSOLUTE)

    Execution Region ER_IROM1 (Exec base: 0x08000000, Load base: 0x08000000, Size: 0x00003380, Max: 0x00010000, ABSOLUTE)

    Exec Addr    Load Addr    Size         Type   Attr      Idx    E Section Name        Object

    0x08000000   0x08000000   0x000000ec   Data   RO           19    RESET               startup_stm32f10x_md.o
    0x080000ec   0x080000ec   0x00000008   Code   RO         2507  * !!!main             c_w.l(__main.o)
    0x080000f4   0x080000f4   0x00000034   Code   RO         2677    !!!scatter          c_w.l(__scatter.o)
    0x08000128   0x08000128   0x0000001a   Code   RO         2679    !!handler_copy      c_w.l(__scatter_copy.o)
    0x08000142   0x08000142   0x00000002   PAD
    0x08000144   0x08000144   0x0000001c   Code   RO         2681    !!handler_zi        c_w.l(__scatter_zi.o)
    0x08000160   0x08000160   0x00000000   Code   RO         2498    .ARM.Collect$$_printf_percent$$00000000  c_w.l(_printf_percent.o)
    0x08000160   0x08000160   0x00000006   Code   RO         2497    .ARM.Collect$$_printf_percent$$00000009  c_w.l(_printf_d.o)
    0x08000166   0x08000166   0x00000006   Code   RO         2496    .ARM.Collect$$_printf_percent$$0000000C  c_w.l(_printf_x.o)
    0x0800016c   0x0800016c   0x00000006   Code   RO         2495    .ARM.Collect$$_printf_percent$$00000014  c_w.l(_printf_s.o)
    0x08000172   0x08000172   0x00000004   Code   RO         2520    .ARM.Collect$$_printf_percent$$00000017  c_w.l(_printf_percent_end.o)
    0x08000176   0x08000176   0x00000002   Code   RO         2549    .ARM.Collect$$libinit$$00000000  c_w.l(libinit.o)
    0x08000178   0x08000178   0x00000000   Code   RO         2556    .ARM.Collect$$libinit$$00000002  c_w.l(libinit2.o)
    0x08000178   0x08000178   0x00000000   Code   RO         2558    .ARM.Collect$$libinit$$00000004  c_w.l(libinit2.o)
    0x08000178   0x08000178   0x00000000   Code   RO         2561    .ARM.Collect$$libinit$$0000000A  c_w.l(libinit2.o)
    0x08000178   0x08000178   0x00000000   Code   RO         2563    .ARM.Collect$$libinit$$0000000C  c_w.l(libinit2.o)
    0x08000178   0x08000178   0x00000000   Code   RO         2565    .ARM.Collect$$libinit$$0000000E  c_w.l(libinit2.o)
    0x08000178   0x08000178   0x00000000   Code   RO         2568    .ARM.Collect$$libinit$$00000011  c_w.l(libinit2.o)
    0x08000178   0x08000178   0x00000000   Code   RO         2570    .ARM.Collect$$libinit$$00000013  c_w.l(libinit2.o)
    0x08000178   0x08000178   0x00000000   Code   RO         2572    .ARM.Collect$$libinit$$00000015  c_w.l(libinit2.o)
    0x08000178   0x08000178   0x00000000   Code   RO         2574    .ARM.Collect$$libinit$$00000017  c_w.l(libinit2.o)
    0x08000178   0x08000178   0x00000000   Code   RO         2576    .ARM.Collect$$libinit$$00000019  c_w.l(libinit2.o)
    0x08000178   0x08000178   0x00000000   Code   RO         2578    .ARM.Collect$$libinit$$0000001B  c_w.l(libinit2.o)
    0x08000178   0x08000178   0x00000000   Code   RO         2580    .ARM.Collect$$libinit$$0000001D  c_w.l(libinit2.o)
    0x08000178   0x08000178   0x00000000   Code   RO         2582    .ARM.Collect$$libinit$$0000001F  c_w.l(libinit2.o)
    0x08000178   0x08000178   0x00000000   Code   RO         2584    .ARM.Collect$$libinit$$00000021  c_w.l(libinit2.o)
    0x08000178   0x08000178   0x00000000   Code   RO         2586    .ARM.Collect$$libinit$$00000023  c_w.l(libinit2.o)
    0x08000178   0x08000178   0x00000000   Code   RO         2588    .ARM.Collect$$libinit$$00000025  c_w.l(libinit2.o)
    0x08000178   0x08000178   0x00000000   Code   RO         2592    .ARM.Collect$$libinit$$0000002C  c_w.l(libinit2.o)
    0x08000178   0x08000178   0x00000000   Code   RO         2594    .ARM.Collect$$libinit$$0000002E  c_w.l(libinit2.o)
    0x08000178   0x08000178   0x00000000   Code   RO         2596    .ARM.Collect$$libinit$$00000030  c_w.l(libinit2.o)
    0x08000178   0x08000178   0x00000000   Code   RO         2598    .ARM.Collect$$libinit$$00000032  c_w.l(libinit2.o)
    0x08000178   0x08000178   0x00000002   Code   RO         2599    .ARM.Collect$$libinit$$00000033  c_w.l(libinit2.o)
    0x0800017a   0x0800017a   0x00000002   Code   RO         2617    .ARM.Collect$$libshutdown$$00000000  c_w.l(libshutdown.o)
    0x0800017c   0x0800017c   0x00000000   Code   RO         2627    .ARM.Collect$$libshutdown$$00000002  c_w.l(libshutdown2.o)
    0x0800017c   0x0800017c   0x00000000   Code   RO         2629    .ARM.Collect$$libshutdown$$00000004  c_w.l(libshutdown2.o)
    0x0800017c   0x0800017c   0x00000000   Code   RO         2631    .ARM.Collect$$libshutdown$$00000006  c_w.l(libshutdown2.o)
    0x0800017c   0x0800017c   0x00000000   Code   RO         2634    .ARM.Collect$$libshutdown$$00000009  c_w.l(libshutdown2.o)
    0x0800017c   0x0800017c   0x00000000   Code   RO         2637    .ARM.Collect$$libshutdown$$0000000C  c_w.l(libshutdown2.o)
    0x0800017c   0x0800017c   0x00000000   Code   RO         2639    .ARM.Collect$$libshutdown$$0000000E  c_w.l(libshutdown2.o)
    0x0800017c   0x0800017c   0x00000000   Code   RO         2642    .ARM.Collect$$libshutdown$$00000011  c_w.l(libshutdown2.o)
    0x0800017c   0x0800017c   0x00000002   Code   RO         2643    .ARM.Collect$$libshutdown$$00000012  c_w.l(libshutdown2.o)
    0x0800017e   0x0800017e   0x00000000   Code   RO         2511    .ARM.Collect$$rtentry$$00000000  c_w.l(__rtentry.o)
    0x0800017e   0x0800017e   0x00000000   Code   RO         2524    .ARM.Collect$$rtentry$$00000002  c_w.l(__rtentry2.o)
    0x0800017e   0x0800017e   0x00000006   Code   RO         2536    .ARM.Collect$$rtentry$$00000004  c_w.l(__rtentry4.o)
    0x08000184   0x08000184   0x00000000   Code   RO         2526    .ARM.Collect$$rtentry$$00000009  c_w.l(__rtentry2.o)
    0x08000184   0x08000184   0x00000004   Code   RO         2527    .ARM.Collect$$rtentry$$0000000A  c_w.l(__rtentry2.o)
    0x08000188   0x08000188   0x00000000   Code   RO         2529    .ARM.Collect$$rtentry$$0000000C  c_w.l(__rtentry2.o)
    0x08000188   0x08000188   0x00000008   Code   RO         2530    .ARM.Collect$$rtentry$$0000000D  c_w.l(__rtentry2.o)
    0x08000190   0x08000190   0x00000002   Code   RO         2553    .ARM.Collect$$rtexit$$00000000  c_w.l(rtexit.o)
    0x08000192   0x08000192   0x00000000   Code   RO         2601    .ARM.Collect$$rtexit$$00000002  c_w.l(rtexit2.o)
    0x08000192   0x08000192   0x00000004   Code   RO         2602    .ARM.Collect$$rtexit$$00000003  c_w.l(rtexit2.o)
    0x08000196   0x08000196   0x00000006   Code   RO         2603    .ARM.Collect$$rtexit$$00000004  c_w.l(rtexit2.o)
    0x0800019c   0x0800019c   0x00000040   Code   RO           20    .text               startup_stm32f10x_md.o
    0x080001dc   0x080001dc   0x00000002   Code   RO         2440    .text               c_w.l(use_no_semi_2.o)
    0x080001de   0x080001de   0x00000002   PAD
    0x080001e0   0x080001e0   0x00000028   Code   RO         2444    .text               c_w.l(noretval__2sprintf.o)
    0x08000208   0x08000208   0x0000004e   Code   RO         2448    .text               c_w.l(_printf_pad.o)
    0x08000256   0x08000256   0x00000052   Code   RO         2450    .text               c_w.l(_printf_str.o)
    0x080002a8   0x080002a8   0x00000078   Code   RO         2452    .text               c_w.l(_printf_dec.o)
    0x08000320   0x08000320   0x00000058   Code   RO         2457    .text               c_w.l(_printf_hex_int.o)
    0x08000378   0x08000378   0x00000138   Code   RO         2487    .text               c_w.l(__printf_flags_wp.o)
    0x080004b0   0x080004b0   0x00000024   Code   RO         2499    .text               c_w.l(strstr.o)
    0x080004d4   0x080004d4   0x00000010   Code   RO         2501    .text               c_w.l(aeabi_memset.o)
    0x080004e4   0x080004e4   0x00000044   Code   RO         2503    .text               c_w.l(rt_memclr.o)
    0x08000528   0x08000528   0x00000006   Code   RO         2505    .text               c_w.l(heapauxi.o)
    0x0800052e   0x0800052e   0x00000002   Code   RO         2509    .text               c_w.l(use_no_semi.o)
    0x08000530   0x08000530   0x000000b2   Code   RO         2512    .text               c_w.l(_printf_intcommon.o)
    0x080005e2   0x080005e2   0x00000002   PAD
    0x080005e4   0x080005e4   0x00000030   Code   RO         2514    .text               c_w.l(_printf_char_common.o)
    0x08000614   0x08000614   0x0000000a   Code   RO         2516    .text               c_w.l(_sputc.o)
    0x0800061e   0x0800061e   0x0000002c   Code   RO         2518    .text               c_w.l(_printf_char.o)
    0x0800064a   0x0800064a   0x0000004e   Code   RO         2521    .text               c_w.l(rt_memclr_w.o)
    0x08000698   0x08000698   0x0000004a   Code   RO         2540    .text               c_w.l(sys_stackheap_outer.o)
    0x080006e2   0x080006e2   0x00000012   Code   RO         2542    .text               c_w.l(exit.o)
    0x080006f4   0x080006f4   0x00000008   Code   RO         2550    .text               c_w.l(libspace.o)
    0x080006fc   0x080006fc   0x00000118   Code   RO         2115    i.ADD_ID_MODE       main.o
    0x08000814   0x08000814   0x00000030   Code   RO         2008    i.AS608_Add_Fingerprint  as608.o
    0x08000844   0x08000844   0x00000028   Code   RO         2009    i.AS608_Cmd_Get_Img  as608.o
    0x0800086c   0x0800086c   0x00000010   Code   RO         2010    i.AS608_Cmd_Send_Pack_Head  as608.o
    0x0800087c   0x0800087c   0x00000020   Code   RO         2011    i.AS608_Find_Fingerprint  as608.o
    0x0800089c   0x0800089c   0x0000001c   Code   RO         2012    i.AS608_Receive_Data  as608.o
    0x080008b8   0x080008b8   0x00000060   Code   RO         1686    i.BeepAndRelay_Init  key.o
    0x08000918   0x08000918   0x00000004   Code   RO         2250    i.BusFault_Handler  stm32f10x_it.o
    0x0800091c   0x0800091c   0x0000003c   Code   RO         2116    i.BuzzerRingsNum    main.o
    0x08000958   0x08000958   0x00000078   Code   RO         2117    i.CHECK_NEW_MCU     main.o
    0x080009d0   0x080009d0   0x000001a0   Code   RO         2118    i.COMPER_ID_MODE    main.o
    0x08000b70   0x08000b70   0x0000006c   Code   RO         1867    i.CalulateCRC       rc522_function.o
    0x08000bdc   0x08000bdc   0x00000094   Code   RO         2119    i.Cancel            main.o
    0x08000c70   0x08000c70   0x0000001a   Code   RO         1868    i.ClearBitMask      rc522_function.o
    0x08000c8a   0x08000c8a   0x00000002   PAD
    0x08000c8c   0x08000c8c   0x00000124   Code   RO         2120    i.DEL_ID_MODE       main.o
    0x08000db0   0x08000db0   0x00000028   Code   RO         1737    i.Dao_xu            lcd.o
    0x08000dd8   0x08000dd8   0x00000024   Code   RO         2121    i.DataInit          main.o
    0x08000dfc   0x08000dfc   0x00000002   Code   RO         2251    i.DebugMon_Handler  stm32f10x_it.o
    0x08000dfe   0x08000dfe   0x00000002   PAD
    0x08000e00   0x08000e00   0x0000007c   Code   RO         2122    i.Display_user_id   main.o
    0x08000e7c   0x08000e7c   0x00000334   Code   RO         2123    i.Ensure            main.o
    0x080011b0   0x080011b0   0x00000028   Code   RO         2013    i.FINGERPRINT_Cmd_Delete_All_Model  as608.o
    0x080011d8   0x080011d8   0x00000028   Code   RO         2015    i.FINGERPRINT_Cmd_Img_To_Buffer1  as608.o
    0x08001200   0x08001200   0x00000028   Code   RO         2016    i.FINGERPRINT_Cmd_Img_To_Buffer2  as608.o
    0x08001228   0x08001228   0x00000028   Code   RO         2017    i.FINGERPRINT_Cmd_Reg_Model  as608.o
    0x08001250   0x08001250   0x00000050   Code   RO         2018    i.FINGERPRINT_Cmd_Save_Finger  as608.o
    0x080012a0   0x080012a0   0x00000038   Code   RO         2019    i.FINGERPRINT_Cmd_Search_Finger  as608.o
    0x080012d8   0x080012d8   0x0000004c   Code   RO          157    i.FLASH_ErasePage   stm32f10x_flash.o
    0x08001324   0x08001324   0x00000034   Code   RO          158    i.FLASH_GetBank1Status  stm32f10x_flash.o
    0x08001358   0x08001358   0x00000014   Code   RO          167    i.FLASH_Lock        stm32f10x_flash.o
    0x0800136c   0x0800136c   0x00000040   Code   RO          170    i.FLASH_ProgramHalfWord  stm32f10x_flash.o
    0x080013ac   0x080013ac   0x00000018   Code   RO          175    i.FLASH_Unlock      stm32f10x_flash.o
    0x080013c4   0x080013c4   0x00000026   Code   RO          179    i.FLASH_WaitForLastOperation  stm32f10x_flash.o
    0x080013ea   0x080013ea   0x0000003c   Code   RO         1869    i.GET_PID           rc522_function.o
    0x08001426   0x08001426   0x00000116   Code   RO          332    i.GPIO_Init         stm32f10x_gpio.o
    0x0800153c   0x0800153c   0x00000090   Code   RO          334    i.GPIO_PinRemapConfig  stm32f10x_gpio.o
    0x080015cc   0x080015cc   0x00000008   Code   RO          335    i.GPIO_ReadInputData  stm32f10x_gpio.o
    0x080015d4   0x080015d4   0x00000012   Code   RO          336    i.GPIO_ReadInputDataBit  stm32f10x_gpio.o
    0x080015e6   0x080015e6   0x00000008   Code   RO          337    i.GPIO_ReadOutputData  stm32f10x_gpio.o
    0x080015ee   0x080015ee   0x00000004   Code   RO          339    i.GPIO_ResetBits    stm32f10x_gpio.o
    0x080015f2   0x080015f2   0x00000004   Code   RO          340    i.GPIO_SetBits      stm32f10x_gpio.o
    0x080015f6   0x080015f6   0x00000004   Code   RO          342    i.GPIO_Write        stm32f10x_gpio.o
    0x080015fa   0x080015fa   0x0000000a   Code   RO          343    i.GPIO_WriteBit     stm32f10x_gpio.o
    0x08001604   0x08001604   0x00000004   Code   RO         2252    i.HardFault_Handler  stm32f10x_it.o
    0x08001608   0x08001608   0x00000012   Code   RO         1687    i.KEY_DELAY         key.o
    0x0800161a   0x0800161a   0x00000002   PAD
    0x0800161c   0x0800161c   0x00000208   Code   RO         2124    i.KeyPress          main.o
    0x08001824   0x08001824   0x00000018   Code   RO         1688    i.Key_Init          key.o
    0x0800183c   0x0800183c   0x00000154   Code   RO         1689    i.Key_Scan          key.o
    0x08001990   0x08001990   0x00000064   Code   RO         1740    i.LCD_Write_Com     lcd.o
    0x080019f4   0x080019f4   0x00000060   Code   RO         1741    i.LCD_Write_Data    lcd.o
    0x08001a54   0x08001a54   0x00000032   Code   RO         1742    i.LCD_Write_String  lcd.o
    0x08001a86   0x08001a86   0x00000002   PAD
    0x08001a88   0x08001a88   0x000000a0   Code   RO         1743    i.Lcd_Init          lcd.o
    0x08001b28   0x08001b28   0x00000054   Code   RO         1870    i.M500PcdConfigISOType  rc522_function.o
    0x08001b7c   0x08001b7c   0x00000004   Code   RO         2253    i.MemManage_Handler  stm32f10x_it.o
    0x08001b80   0x08001b80   0x00000002   Code   RO         2254    i.NMI_Handler       stm32f10x_it.o
    0x08001b82   0x08001b82   0x0000000c   Code   RO         2373    i.NVIC_Configuration  sys.o
    0x08001b8e   0x08001b8e   0x00000002   PAD
    0x08001b90   0x08001b90   0x00000070   Code   RO           24    i.NVIC_Init         misc.o
    0x08001c00   0x08001c00   0x00000014   Code   RO           25    i.NVIC_PriorityGroupConfig  misc.o
    0x08001c14   0x08001c14   0x00000068   Code   RO         1690    i.PA15_PB3to5IN_AND_PB6to9OUT  key.o
    0x08001c7c   0x08001c7c   0x00000068   Code   RO         1691    i.PA15_PB3to5OUT_AND_PB6to9IN  key.o
    0x08001ce4   0x08001ce4   0x0000002c   Code   RO         2020    i.PS_StaGPIO_Init   as608.o
    0x08001d10   0x08001d10   0x0000001a   Code   RO         1872    i.PcdAntennaOn      rc522_function.o
    0x08001d2a   0x08001d2a   0x00000072   Code   RO         1873    i.PcdAnticoll       rc522_function.o
    0x08001d9c   0x08001d9c   0x00000132   Code   RO         1875    i.PcdComMF522       rc522_function.o
    0x08001ece   0x08001ece   0x00000056   Code   RO         1878    i.PcdRequest        rc522_function.o
    0x08001f24   0x08001f24   0x00000088   Code   RO         1879    i.PcdReset          rc522_function.o
    0x08001fac   0x08001fac   0x00000072   Code   RO         1880    i.PcdSelect         rc522_function.o
    0x0800201e   0x0800201e   0x00000002   Code   RO         2255    i.PendSV_Handler    stm32f10x_it.o
    0x08002020   0x08002020   0x00000024   Code   RO         1847    i.RC522_Init        rc522_config.o
    0x08002044   0x08002044   0x0000014c   Code   RO         2125    i.RC522_SCAN        main.o
    0x08002190   0x08002190   0x000000bc   Code   RO         1848    i.RC522_SPI_Config  rc522_config.o
    0x0800224c   0x0800224c   0x00000020   Code   RO          442    i.RCC_APB1PeriphClockCmd  stm32f10x_rcc.o
    0x0800226c   0x0800226c   0x00000020   Code   RO          443    i.RCC_APB1PeriphResetCmd  stm32f10x_rcc.o
    0x0800228c   0x0800228c   0x00000020   Code   RO          444    i.RCC_APB2PeriphClockCmd  stm32f10x_rcc.o
    0x080022ac   0x080022ac   0x00000020   Code   RO          445    i.RCC_APB2PeriphResetCmd  stm32f10x_rcc.o
    0x080022cc   0x080022cc   0x000000d4   Code   RO          452    i.RCC_GetClocksFreq  stm32f10x_rcc.o
    0x080023a0   0x080023a0   0x00000018   Code   RO         2126    i.READ_DATA_FOR_FLASH  main.o
    0x080023b8   0x080023b8   0x0000001c   Code   RO         2127    i.READ_IC_NUM_FOR_FLASH  main.o
    0x080023d4   0x080023d4   0x00000038   Code   RO         1882    i.ReadRawRC         rc522_function.o
    0x0800240c   0x0800240c   0x000001c8   Code   RO         2128    i.ResetPassword     main.o
    0x080025d4   0x080025d4   0x00000058   Code   RO         1883    i.SPI_RC522_ReadByte  rc522_function.o
    0x0800262c   0x0800262c   0x0000005c   Code   RO         1884    i.SPI_RC522_SendByte  rc522_function.o
    0x08002688   0x08002688   0x00000022   Code   RO         1811    i.STMFLASH_Read     myflash.o
    0x080026aa   0x080026aa   0x00000006   Code   RO         1812    i.STMFLASH_ReadHalfWord  myflash.o
    0x080026b0   0x080026b0   0x000000e8   Code   RO         1813    i.STMFLASH_Write    myflash.o
    0x08002798   0x08002798   0x00000026   Code   RO         1814    i.STMFLASH_Write_NoCheck  myflash.o
    0x080027be   0x080027be   0x00000002   Code   RO         2256    i.SVC_Handler       stm32f10x_it.o
    0x080027c0   0x080027c0   0x0000001a   Code   RO         1885    i.SetBitMask        rc522_function.o
    0x080027da   0x080027da   0x00000008   Code   RO         2313    i.SetSysClock       system_stm32f10x.o
    0x080027e2   0x080027e2   0x00000002   PAD
    0x080027e4   0x080027e4   0x000000e0   Code   RO         2314    i.SetSysClockTo72   system_stm32f10x.o
    0x080028c4   0x080028c4   0x00000028   Code   RO           28    i.SysTick_CLKSourceConfig  misc.o
    0x080028ec   0x080028ec   0x00000002   Code   RO         2257    i.SysTick_Handler   stm32f10x_it.o
    0x080028ee   0x080028ee   0x00000002   PAD
    0x080028f0   0x080028f0   0x00000060   Code   RO         2316    i.SystemInit        system_stm32f10x.o
    0x08002950   0x08002950   0x0000007c   Code   RO         1788    i.TIM2_IRQHandler   timer.o
    0x080029cc   0x080029cc   0x0000005a   Code   RO         1789    i.TIM2_Init         timer.o
    0x08002a26   0x08002a26   0x00000006   Code   RO          744    i.TIM_ClearITPendingBit  stm32f10x_tim.o
    0x08002a2c   0x08002a2c   0x00000018   Code   RO          749    i.TIM_Cmd           stm32f10x_tim.o
    0x08002a44   0x08002a44   0x00000022   Code   RO          770    i.TIM_GetITStatus   stm32f10x_tim.o
    0x08002a66   0x08002a66   0x00000012   Code   RO          774    i.TIM_ITConfig      stm32f10x_tim.o
    0x08002a78   0x08002a78   0x000000a4   Code   RO          820    i.TIM_TimeBaseInit  stm32f10x_tim.o
    0x08002b1c   0x08002b1c   0x0000004c   Code   RO         2385    i.USART1_IRQHandler  usart1.o
    0x08002b68   0x08002b68   0x0000001e   Code   RO         1282    i.USART_ClearITPendingBit  stm32f10x_usart.o
    0x08002b86   0x08002b86   0x00000018   Code   RO         1285    i.USART_Cmd         stm32f10x_usart.o
    0x08002b9e   0x08002b9e   0x00000002   PAD
    0x08002ba0   0x08002ba0   0x0000009c   Code   RO         1287    i.USART_DeInit      stm32f10x_usart.o
    0x08002c3c   0x08002c3c   0x00000054   Code   RO         1289    i.USART_GetITStatus  stm32f10x_usart.o
    0x08002c90   0x08002c90   0x0000004a   Code   RO         1291    i.USART_ITConfig    stm32f10x_usart.o
    0x08002cda   0x08002cda   0x00000002   PAD
    0x08002cdc   0x08002cdc   0x000000d8   Code   RO         1292    i.USART_Init        stm32f10x_usart.o
    0x08002db4   0x08002db4   0x0000000a   Code   RO         1299    i.USART_ReceiveData  stm32f10x_usart.o
    0x08002dbe   0x08002dbe   0x00000004   Code   RO         2258    i.UsageFault_Handler  stm32f10x_it.o
    0x08002dc2   0x08002dc2   0x00000002   PAD
    0x08002dc4   0x08002dc4   0x0000001c   Code   RO         2129    i.WRITE_DATA_TO_FLASH  main.o
    0x08002de0   0x08002de0   0x00000024   Code   RO         2130    i.WRITE_IC_NUM_TO_FLASH  main.o
    0x08002e04   0x08002e04   0x00000034   Code   RO         1886    i.WriteRawRC        rc522_function.o
    0x08002e38   0x08002e38   0x0000000e   Code   RO         2485    i._is_digit         c_w.l(__printf_wp.o)
    0x08002e46   0x08002e46   0x00000006   Code   RO         2386    i._sys_exit         usart1.o
    0x08002e4c   0x08002e4c   0x00000044   Code   RO         2347    i.delay_init        delay.o
    0x08002e90   0x08002e90   0x0000004c   Code   RO         2348    i.delay_ms          delay.o
    0x08002edc   0x08002edc   0x0000004c   Code   RO         2349    i.delay_us          delay.o
    0x08002f28   0x08002f28   0x00000164   Code   RO         2131    i.finger_ctrl       main.o
    0x0800308c   0x0800308c   0x0000015c   Code   RO         2132    i.main              main.o
    0x080031e8   0x080031e8   0x000000bc   Code   RO         2388    i.uart1_Init        usart1.o
    0x080032a4   0x080032a4   0x0000002c   Code   RO         2390    i.uart1_send        usart1.o
    0x080032d0   0x080032d0   0x00000054   Code   RO         2021    i.uart_recv         as608.o
    0x08003324   0x08003324   0x00000028   Data   RO         2458    .constdata          c_w.l(_printf_hex_int.o)
    0x0800334c   0x0800334c   0x00000011   Data   RO         2488    .constdata          c_w.l(__printf_flags_wp.o)
    0x0800335d   0x0800335d   0x00000003   PAD
    0x08003360   0x08003360   0x00000020   Data   RO         2675    Region$$Table       anon$$obj.o


    Execution Region RW_IRAM1 (Exec base: 0x20000000, Load base: 0x08003380, Size: 0x00000b68, Max: 0x00005000, ABSOLUTE)

    Exec Addr    Load Addr    Size         Type   Attr      Idx    E Section Name        Object

    0x20000000   0x08003380   0x00000014   Data   RW          472    .data               stm32f10x_rcc.o
    0x20000014   0x08003394   0x00000001   Data   RW         1790    .data               timer.o
    0x20000015   0x08003395   0x00000044   Data   RW         2023    .data               as608.o
    0x20000059   0x080033d9   0x00000001   PAD
    0x2000005a   0x080033da   0x00000037   Data   RW         2134    .data               main.o
    0x20000091   0x08003411   0x00000003   PAD
    0x20000094   0x08003414   0x00000014   Data   RW         2317    .data               system_stm32f10x.o
    0x200000a8   0x08003428   0x00000004   Data   RW         2350    .data               delay.o
    0x200000ac   0x0800342c   0x00000008   Data   RW         2392    .data               usart1.o
    0x200000b4        -       0x00000400   Zero   RW         1815    .bss                myflash.o
    0x200004b4        -       0x00000018   Zero   RW         2022    .bss                as608.o
    0x200004cc        -       0x0000000a   Zero   RW         2133    .bss                main.o
    0x200004d6        -       0x00000030   Zero   RW         2391    .bss                usart1.o
    0x20000506   0x08003434   0x00000002   PAD
    0x20000508        -       0x00000060   Zero   RW         2551    .bss                c_w.l(libspace.o)
    0x20000568        -       0x00000200   Zero   RW           18    HEAP                startup_stm32f10x_md.o
    0x20000768        -       0x00000400   Zero   RW           17    STACK               startup_stm32f10x_md.o


==============================================================================

Image component sizes


      Code (inc. data)   RO Data    RW Data    ZI Data      Debug   Object Name

       588         78          0         68         24       8192   as608.o
         0          0          0          0          0       4540   core_cm3.o
       220         26          0          4          0       1619   delay.o
       686         40          0          0          0       2970   key.o
       446         36          0          0          0       2668   lcd.o
      4424       1306          0         55         10     213585   main.o
       172         22          0          0          0     254917   misc.o
       310         10          0          0       1024       3193   myflash.o
       224         18          0          0          0        949   rc522_config.o
      1374         32          0          0          0       9898   rc522_function.o
        64         26        236          0       1536        776   startup_stm32f10x_md.o
       274         30          0          0          0       3210   stm32f10x_flash.o
       478          6          0          0          0       6322   stm32f10x_gpio.o
        26          0          0          0          0       3478   stm32f10x_it.o
       340         44          0         20          0       5336   stm32f10x_rcc.o
       246         42          0          0          0       3326   stm32f10x_tim.o
       594         28          0          0          0       5939   stm32f10x_usart.o
        12          0          0          0          0        429   sys.o
       328         28          0         20          0       1957   system_stm32f10x.o
       214         24          0          1          0       1114   timer.o
       314         28          0          8         48       4071   usart1.o

    ----------------------------------------------------------------------
     11354       1824        268        180       2644     538489   Object Totals
         0          0         32          0          0          0   (incl. Generated)
        20          0          0          4          2          0   (incl. Padding)

    ----------------------------------------------------------------------

      Code (inc. data)   RO Data    RW Data    ZI Data      Debug   Library Member Name

         8          0          0          0          0         68   __main.o
       312          4         17          0          0         92   __printf_flags_wp.o
        14          0          0          0          0         68   __printf_wp.o
         0          0          0          0          0          0   __rtentry.o
        12          0          0          0          0          0   __rtentry2.o
         6          0          0          0          0          0   __rtentry4.o
        52          8          0          0          0          0   __scatter.o
        26          0          0          0          0          0   __scatter_copy.o
        28          0          0          0          0          0   __scatter_zi.o
        44          0          0          0          0        108   _printf_char.o
        48          6          0          0          0         96   _printf_char_common.o
         6          0          0          0          0          0   _printf_d.o
       120         16          0          0          0         92   _printf_dec.o
        88          4         40          0          0         88   _printf_hex_int.o
       178          0          0          0          0         88   _printf_intcommon.o
        78          0          0          0          0        108   _printf_pad.o
         0          0          0          0          0          0   _printf_percent.o
         4          0          0          0          0          0   _printf_percent_end.o
         6          0          0          0          0          0   _printf_s.o
        82          0          0          0          0         80   _printf_str.o
         6          0          0          0          0          0   _printf_x.o
        10          0          0          0          0         68   _sputc.o
        16          0          0          0          0         68   aeabi_memset.o
        18          0          0          0          0         80   exit.o
         6          0          0          0          0        152   heapauxi.o
         2          0          0          0          0          0   libinit.o
         2          0          0          0          0          0   libinit2.o
         2          0          0          0          0          0   libshutdown.o
         2          0          0          0          0          0   libshutdown2.o
         8          4          0          0         96         68   libspace.o
        40          6          0          0          0         84   noretval__2sprintf.o
        68          0          0          0          0         68   rt_memclr.o
        78          0          0          0          0         80   rt_memclr_w.o
         2          0          0          0          0          0   rtexit.o
        10          0          0          0          0          0   rtexit2.o
        36          0          0          0          0         80   strstr.o
        74          0          0          0          0         80   sys_stackheap_outer.o
         2          0          0          0          0         68   use_no_semi.o
         2          0          0          0          0         68   use_no_semi_2.o

    ----------------------------------------------------------------------
      1502         48         60          0         96       1852   Library Totals
         6          0          3          0          0          0   (incl. Padding)

    ----------------------------------------------------------------------

      Code (inc. data)   RO Data    RW Data    ZI Data      Debug   Library Name

      1496         48         57          0         96       1852   c_w.l

    ----------------------------------------------------------------------
      1502         48         60          0         96       1852   Library Totals

    ----------------------------------------------------------------------

==============================================================================


      Code (inc. data)   RO Data    RW Data    ZI Data      Debug   

     12856       1872        328        180       2740     533369   Grand Totals
     12856       1872        328        180       2740     533369   ELF Image Totals
     12856       1872        328        180          0          0   ROM Totals

==============================================================================

    Total RO  Size (Code + RO Data)                13184 (  12.88kB)
    Total RW  Size (RW Data + ZI Data)              2920 (   2.85kB)
    Total ROM Size (Code + RO Data + RW Data)      13364 (  13.05kB)

==============================================================================

